[2m10:52:39[22m [31m[1m[vite][22m[39m [31mhttp proxy error: /api/merchant/reservations?pondId=2&pageNum=1&pageSize=50&status=%E5%B7%B2%E6%8A%BD%E5%8F%B7[39m
AggregateError [ECONNREFUSED]: 
    at internalConnectMultiple (node:net:1134:18)
    at afterConnectMultiple (node:net:1715:7)
[2m10:52:39[22m [31m[1m[vite][22m[39m [31mhttp proxy error: /api/merchant/ponds[39m
AggregateError [ECONNREFUSED]: 
    at internalConnectMultiple (node:net:1134:18)
    at afterConnectMultiple (node:net:1715:7)
[2m10:52:39[22m [31m[1m[vite][22m[39m [31mhttp proxy error: /api/merchant/reservations?pondId=2&pageNum=1&pageSize=50&status=%E5%B7%B2%E6%8A%BD%E5%8F%B7[39m
AggregateError [ECONNREFUSED]: 
    at internalConnectMultiple (node:net:1134:18)
    at afterConnectMultiple (node:net:1715:7)
[2m10:52:39[22m [31m[1m[vite][22m[39m [31mhttp proxy error: /api/merchant/ponds[39m
AggregateError [ECONNREFUSED]: 
    at internalConnectMultiple (node:net:1134:18)
    at afterConnectMultiple (node:net:1715:7)
[2m10:52:39[22m [31m[1m[vite][22m[39m [31mhttp proxy error: /api/merchant/reservations?pondId=2&pageNum=1&pageSize=50&status=%E5%B7%B2%E6%8A%BD%E5%8F%B7[39m
AggregateError [ECONNREFUSED]: 
    at internalConnectMultiple (node:net:1134:18)
    at afterConnectMultiple (node:net:1715:7)
[2m10:52:39[22m [31m[1m[vite][22m[39m [31mhttp proxy error: /api/merchant/ponds[39m
AggregateError [ECONNREFUSED]: 
    at internalConnectMultiple (node:net:1134:18)
    at afterConnectMultiple (node:net:1715:7)
[2m10:52:39[22m [31m[1m[vite][22m[39m [31mhttp proxy error: /api/merchant/reservations?pondId=2&pageNum=1&pageSize=50&status=%E5%B7%B2%E6%8A%BD%E5%8F%B7[39m
AggregateError [ECONNREFUSED]: 
    at internalConnectMultiple (node:net:1134:18)
    at afterConnectMultiple (node:net:1715:7)
[2m10:52:39[22m [31m[1m[vite][22m[39m [31mhttp proxy error: /api/merchant/ponds[39m
AggregateError [ECONNREFUSED]: 
    at internalConnectMultiple (node:net:1134:18)
    at afterConnectMultiple (node:net:1715:7)
[2m10:52:39[22m [31m[1m[vite][22m[39m [31mhttp proxy error: /api/merchant/reservations?pondId=2&pageNum=1&pageSize=50&status=%E5%B7%B2%E6%8A%BD%E5%8F%B7[39m
AggregateError [ECONNREFUSED]: 
    at internalConnectMultiple (node:net:1134:18)
    at afterConnectMultiple (node:net:1715:7)
[2m10:52:39[22m [31m[1m[vite][22m[39m [31mhttp proxy error: /api/merchant/ponds[39m
AggregateError [ECONNREFUSED]: 
    at internalConnectMultiple (node:net:1134:18)
    at afterConnectMultiple (node:net:1715:7)
[2m10:52:39[22m [31m[1m[vite][22m[39m [31mhttp proxy error: /api/merchant/reservations?pondId=2&pageNum=1&pageSize=50&status=%E5%B7%B2%E6%8A%BD%E5%8F%B7[39m
AggregateError [ECONNREFUSED]: 
    at internalConnectMultiple (node:net:1134:18)
    at afterConnectMultiple (node:net:1715:7)
[2m10:52:39[22m [31m[1m[vite][22m[39m [31mhttp proxy error: /api/merchant/ponds[39m
AggregateError [ECONNREFUSED]: 
    at internalConnectMultiple (node:net:1134:18)
    at afterConnectMultiple (node:net:1715:7)
[2m15:41:45[22m [31m[1m[vite][22m[39m [31mhttp proxy error: /api/merchant/dashboard/stats?pondId=3[39m
AggregateError [ECONNREFUSED]: 
    at internalConnectMultiple (node:net:1134:18)
    at afterConnectMultiple (node:net:1715:7)
[2m15:41:45[22m [31m[1m[vite][22m[39m [31mhttp proxy error: /api/merchant/reservations?pondId=3&pageNum=1&pageSize=5[39m
AggregateError [ECONNREFUSED]: 
    at internalConnectMultiple (node:net:1134:18)
    at afterConnectMultiple (node:net:1715:7)
[2m15:41:45[22m [31m[1m[vite][22m[39m [31mhttp proxy error: /api/merchant/fishing-spots?pondId=3&pageNum=1&pageSize=1000[39m
AggregateError [ECONNREFUSED]: 
    at internalConnectMultiple (node:net:1134:18)
    at afterConnectMultiple (node:net:1715:7)
[2m15:41:45[22m [31m[1m[vite][22m[39m [31mhttp proxy error: /api/merchant/ponds[39m
AggregateError [ECONNREFUSED]: 
    at internalConnectMultiple (node:net:1134:18)
    at afterConnectMultiple (node:net:1715:7)
[2m15:41:45[22m [31m[1m[vite][22m[39m [31mhttp proxy error: /api/merchant/dashboard/stats?pondId=3[39m
AggregateError [ECONNREFUSED]: 
    at internalConnectMultiple (node:net:1134:18)
    at afterConnectMultiple (node:net:1715:7)
[2m15:41:45[22m [31m[1m[vite][22m[39m [31mhttp proxy error: /api/merchant/reservations?pondId=3&pageNum=1&pageSize=5[39m
AggregateError [ECONNREFUSED]: 
    at internalConnectMultiple (node:net:1134:18)
    at afterConnectMultiple (node:net:1715:7)
[2m15:41:45[22m [31m[1m[vite][22m[39m [31mhttp proxy error: /api/merchant/fishing-spots?pondId=3&pageNum=1&pageSize=1000[39m
AggregateError [ECONNREFUSED]: 
    at internalConnectMultiple (node:net:1134:18)
    at afterConnectMultiple (node:net:1715:7)
[2m15:41:45[22m [31m[1m[vite][22m[39m [31mhttp proxy error: /api/merchant/ponds[39m
AggregateError [ECONNREFUSED]: 
    at internalConnectMultiple (node:net:1134:18)
    at afterConnectMultiple (node:net:1715:7)
[2m15:42:28[22m [31m[1m[vite][22m[39m [31mhttp proxy error: /api/merchant/dashboard/stats?pondId=3[39m
AggregateError [ECONNREFUSED]: 
    at internalConnectMultiple (node:net:1134:18)
    at afterConnectMultiple (node:net:1715:7)
[2m15:42:28[22m [31m[1m[vite][22m[39m [31mhttp proxy error: /api/merchant/reservations?pondId=3&pageNum=1&pageSize=5[39m
AggregateError [ECONNREFUSED]: 
    at internalConnectMultiple (node:net:1134:18)
    at afterConnectMultiple (node:net:1715:7)
[2m15:42:28[22m [31m[1m[vite][22m[39m [31mhttp proxy error: /api/merchant/fishing-spots?pondId=3&pageNum=1&pageSize=1000[39m
AggregateError [ECONNREFUSED]: 
    at internalConnectMultiple (node:net:1134:18)
    at afterConnectMultiple (node:net:1715:7)
[2m15:42:28[22m [31m[1m[vite][22m[39m [31mhttp proxy error: /api/merchant/ponds[39m
AggregateError [ECONNREFUSED]: 
    at internalConnectMultiple (node:net:1134:18)
    at afterConnectMultiple (node:net:1715:7)
[2m15:42:28[22m [31m[1m[vite][22m[39m [31mhttp proxy error: /api/merchant/dashboard/stats?pondId=3[39m
AggregateError [ECONNREFUSED]: 
    at internalConnectMultiple (node:net:1134:18)
    at afterConnectMultiple (node:net:1715:7)
[2m15:42:28[22m [31m[1m[vite][22m[39m [31mhttp proxy error: /api/merchant/reservations?pondId=3&pageNum=1&pageSize=5[39m
AggregateError [ECONNREFUSED]: 
    at internalConnectMultiple (node:net:1134:18)
    at afterConnectMultiple (node:net:1715:7)
[2m15:42:28[22m [31m[1m[vite][22m[39m [31mhttp proxy error: /api/merchant/fishing-spots?pondId=3&pageNum=1&pageSize=1000[39m
AggregateError [ECONNREFUSED]: 
    at internalConnectMultiple (node:net:1134:18)
    at afterConnectMultiple (node:net:1715:7)
[2m15:42:28[22m [31m[1m[vite][22m[39m [31mhttp proxy error: /api/merchant/ponds[39m
AggregateError [ECONNREFUSED]: 
    at internalConnectMultiple (node:net:1134:18)
    at afterConnectMultiple (node:net:1715:7)
[2m15:42:44[22m [31m[1m[vite][22m[39m [31mhttp proxy error: /api/merchant/dashboard/stats?pondId=3[39m
AggregateError [ECONNREFUSED]: 
    at internalConnectMultiple (node:net:1134:18)
    at afterConnectMultiple (node:net:1715:7)
[2m15:42:44[22m [31m[1m[vite][22m[39m [31mhttp proxy error: /api/merchant/reservations?pondId=3&pageNum=1&pageSize=5[39m
AggregateError [ECONNREFUSED]: 
    at internalConnectMultiple (node:net:1134:18)
    at afterConnectMultiple (node:net:1715:7)
[2m15:42:44[22m [31m[1m[vite][22m[39m [31mhttp proxy error: /api/merchant/fishing-spots?pondId=3&pageNum=1&pageSize=1000[39m
AggregateError [ECONNREFUSED]: 
    at internalConnectMultiple (node:net:1134:18)
    at afterConnectMultiple (node:net:1715:7)
[2m15:42:44[22m [31m[1m[vite][22m[39m [31mhttp proxy error: /api/merchant/ponds[39m
AggregateError [ECONNREFUSED]: 
    at internalConnectMultiple (node:net:1134:18)
    at afterConnectMultiple (node:net:1715:7)
[2m15:42:44[22m [31m[1m[vite][22m[39m [31mhttp proxy error: /api/merchant/dashboard/stats?pondId=3[39m
AggregateError [ECONNREFUSED]: 
    at internalConnectMultiple (node:net:1134:18)
    at afterConnectMultiple (node:net:1715:7)
[2m15:42:44[22m [31m[1m[vite][22m[39m [31mhttp proxy error: /api/merchant/reservations?pondId=3&pageNum=1&pageSize=5[39m
AggregateError [ECONNREFUSED]: 
    at internalConnectMultiple (node:net:1134:18)
    at afterConnectMultiple (node:net:1715:7)
[2m15:42:44[22m [31m[1m[vite][22m[39m [31mhttp proxy error: /api/merchant/fishing-spots?pondId=3&pageNum=1&pageSize=1000[39m
AggregateError [ECONNREFUSED]: 
    at internalConnectMultiple (node:net:1134:18)
    at afterConnectMultiple (node:net:1715:7)
[2m15:42:44[22m [31m[1m[vite][22m[39m [31mhttp proxy error: /api/merchant/ponds[39m
AggregateError [ECONNREFUSED]: 
    at internalConnectMultiple (node:net:1134:18)
    at afterConnectMultiple (node:net:1715:7)
[2m15:43:17[22m [31m[1m[vite][22m[39m [31mhttp proxy error: /api/merchant/dashboard/stats?pondId=3[39m
AggregateError [ECONNREFUSED]: 
    at internalConnectMultiple (node:net:1134:18)
    at afterConnectMultiple (node:net:1715:7)
[2m15:43:17[22m [31m[1m[vite][22m[39m [31mhttp proxy error: /api/merchant/reservations?pondId=3&pageNum=1&pageSize=5[39m
AggregateError [ECONNREFUSED]: 
    at internalConnectMultiple (node:net:1134:18)
    at afterConnectMultiple (node:net:1715:7)
[2m15:43:17[22m [31m[1m[vite][22m[39m [31mhttp proxy error: /api/merchant/fishing-spots?pondId=3&pageNum=1&pageSize=1000[39m
AggregateError [ECONNREFUSED]: 
    at internalConnectMultiple (node:net:1134:18)
    at afterConnectMultiple (node:net:1715:7)
[2m15:43:17[22m [31m[1m[vite][22m[39m [31mhttp proxy error: /api/merchant/ponds[39m
AggregateError [ECONNREFUSED]: 
    at internalConnectMultiple (node:net:1134:18)
    at afterConnectMultiple (node:net:1715:7)
[2m15:43:17[22m [31m[1m[vite][22m[39m [31mhttp proxy error: /api/merchant/dashboard/stats?pondId=3[39m
AggregateError [ECONNREFUSED]: 
    at internalConnectMultiple (node:net:1134:18)
    at afterConnectMultiple (node:net:1715:7)
[2m15:43:17[22m [31m[1m[vite][22m[39m [31mhttp proxy error: /api/merchant/reservations?pondId=3&pageNum=1&pageSize=5[39m
AggregateError [ECONNREFUSED]: 
    at internalConnectMultiple (node:net:1134:18)
    at afterConnectMultiple (node:net:1715:7)
[2m15:43:17[22m [31m[1m[vite][22m[39m [31mhttp proxy error: /api/merchant/fishing-spots?pondId=3&pageNum=1&pageSize=1000[39m
AggregateError [ECONNREFUSED]: 
    at internalConnectMultiple (node:net:1134:18)
    at afterConnectMultiple (node:net:1715:7)
[2m15:43:17[22m [31m[1m[vite][22m[39m [31mhttp proxy error: /api/merchant/ponds[39m
AggregateError [ECONNREFUSED]: 
    at internalConnectMultiple (node:net:1134:18)
    at afterConnectMultiple (node:net:1715:7)
[2m15:51:59[22m [31m[1m[vite][22m[39m [31mhttp proxy error: /api/merchant/dashboard/stats[39m
AggregateError [ECONNREFUSED]: 
    at internalConnectMultiple (node:net:1134:18)
    at afterConnectMultiple (node:net:1715:7)
[2m15:51:59[22m [31m[1m[vite][22m[39m [31mhttp proxy error: /api/merchant/reservations?pageNum=1&pageSize=5[39m
AggregateError [ECONNREFUSED]: 
    at internalConnectMultiple (node:net:1134:18)
    at afterConnectMultiple (node:net:1715:7)
[2m15:51:59[22m [31m[1m[vite][22m[39m [31mhttp proxy error: /api/merchant/ponds[39m
AggregateError [ECONNREFUSED]: 
    at internalConnectMultiple (node:net:1134:18)
    at afterConnectMultiple (node:net:1715:7)
[2m15:55:53[22m [31m[1m[vite][22m[39m [31mhttp proxy error: /api/merchant/dashboard/stats[39m
AggregateError [ECONNREFUSED]: 
    at internalConnectMultiple (node:net:1134:18)
    at afterConnectMultiple (node:net:1715:7)
[2m15:55:53[22m [31m[1m[vite][22m[39m [31mhttp proxy error: /api/merchant/reservations?pageNum=1&pageSize=5[39m
AggregateError [ECONNREFUSED]: 
    at internalConnectMultiple (node:net:1134:18)
    at afterConnectMultiple (node:net:1715:7)
[2m15:55:53[22m [31m[1m[vite][22m[39m [31mhttp proxy error: /api/merchant/ponds[39m
AggregateError [ECONNREFUSED]: 
    at internalConnectMultiple (node:net:1134:18)
    at afterConnectMultiple (node:net:1715:7)
[2m16:33:17[22m [31m[1m[vite][22m[39m [31mhttp proxy error: /api/merchant/ponds[39m
AggregateError [ECONNREFUSED]: 
    at internalConnectMultiple (node:net:1134:18)
    at afterConnectMultiple (node:net:1715:7)
[2m16:33:17[22m [31m[1m[vite][22m[39m [31mhttp proxy error: /api/merchant/dashboard/stats[39m
AggregateError [ECONNREFUSED]: 
    at internalConnectMultiple (node:net:1134:18)
    at afterConnectMultiple (node:net:1715:7)
[2m16:33:17[22m [31m[1m[vite][22m[39m [31mhttp proxy error: /api/merchant/reservations?pageNum=1&pageSize=5[39m
AggregateError [ECONNREFUSED]: 
    at internalConnectMultiple (node:net:1134:18)
    at afterConnectMultiple (node:net:1715:7)
[2m16:33:17[22m [31m[1m[vite][22m[39m [31mhttp proxy error: /api/merchant/ponds[39m
AggregateError [ECONNREFUSED]: 
    at internalConnectMultiple (node:net:1134:18)
    at afterConnectMultiple (node:net:1715:7)
[2m16:33:19[22m [31m[1m[vite][22m[39m [31mhttp proxy error: /api/merchant/dashboard/stats[39m
AggregateError [ECONNREFUSED]: 
    at internalConnectMultiple (node:net:1134:18)
    at afterConnectMultiple (node:net:1715:7)
[2m16:33:19[22m [31m[1m[vite][22m[39m [31mhttp proxy error: /api/merchant/reservations?pageNum=1&pageSize=5[39m
AggregateError [ECONNREFUSED]: 
    at internalConnectMultiple (node:net:1134:18)
    at afterConnectMultiple (node:net:1715:7)
[2m16:33:19[22m [31m[1m[vite][22m[39m [31mhttp proxy error: /api/merchant/ponds[39m
AggregateError [ECONNREFUSED]: 
    at internalConnectMultiple (node:net:1134:18)
    at afterConnectMultiple (node:net:1715:7)
