
  .   ____          _            __ _ _
 /\\ / ___'_ __ _ _(_)_ __  __ _ \ \ \ \
( ( )\___ | '_ | '_| | '_ \/ _` | \ \ \ \
 \\/  ___)| |_)| | | | | || (_| |  ) ) ) )
  '  |____| .__|_| |_|_| |_\__, | / / / /
 =========|_|==============|___/=/_/_/_/
 :: Spring Boot ::               (v2.7.18)

2026-07-23 15:18:05.242  INFO 21420 --- [           main] c.e.f.FishingReservationApplication      : Starting FishingReservationApplication v1.0.0 using Java 17.0.16 on LAPTOP-AD7QJJL4 with PID 21420 (E:\工作项目\钓鱼\target\fishing-reservation-1.0.0.jar started by ASUS in E:\工作项目\钓鱼)
2026-07-23 15:18:05.248  INFO 21420 --- [           main] c.e.f.FishingReservationApplication      : No active profile set, falling back to 1 default profile: "default"
2026-07-23 15:18:06.817  INFO 21420 --- [           main] .s.d.r.c.RepositoryConfigurationDelegate : Multiple Spring Data modules found, entering strict repository configuration mode
2026-07-23 15:18:06.829  INFO 21420 --- [           main] .s.d.r.c.RepositoryConfigurationDelegate : Bootstrapping Spring Data Redis repositories in DEFAULT mode.
2026-07-23 15:18:06.857  INFO 21420 --- [           main] .s.d.r.c.RepositoryConfigurationDelegate : Finished Spring Data repository scanning in 12 ms. Found 0 Redis repository interfaces.
2026-07-23 15:18:08.435  INFO 21420 --- [           main] o.s.b.w.embedded.tomcat.TomcatWebServer  : Tomcat initialized with port(s): 8080 (http)
2026-07-23 15:18:08.461  INFO 21420 --- [           main] o.apache.catalina.core.StandardService   : Starting service [Tomcat]
2026-07-23 15:18:08.461  INFO 21420 --- [           main] org.apache.catalina.core.StandardEngine  : Starting Servlet engine: [Apache Tomcat/9.0.83]
2026-07-23 15:18:08.627  INFO 21420 --- [           main] o.a.c.c.C.[Tomcat].[localhost].[/]       : Initializing Spring embedded WebApplicationContext
2026-07-23 15:18:08.628  INFO 21420 --- [           main] w.s.c.ServletWebServerApplicationContext : Root WebApplicationContext: initialization completed in 3288 ms
Logging initialized using 'class org.apache.ibatis.logging.stdout.StdOutImpl' adapter.
Initialization Sequence datacenterId:21 workerId:20
 _ _   |_  _ _|_. ___ _ |    _ 
| | |\/|_)(_| | |_\  |_)||_|_\ 
     /               |         
                        3.5.5 
2026-07-23 15:18:10.228  INFO 21420 --- [           main] org.redisson.Version                     : Redisson 3.23.5
2026-07-23 15:18:10.617  INFO 21420 --- [isson-netty-2-4] o.r.c.pool.MasterPubSubConnectionPool    : 1 connections initialized for 127.0.0.1/127.0.0.1:6379
2026-07-23 15:18:10.622  INFO 21420 --- [isson-netty-2-7] o.r.c.pool.MasterConnectionPool          : 2 connections initialized for 127.0.0.1/127.0.0.1:6379
2026-07-23 15:18:11.671  INFO 21420 --- [           main] c.e.f.notify.RedisNotificationListener   : Redis 通知订阅器已启动
2026-07-23 15:18:14.182  INFO 21420 --- [           main] o.s.b.a.e.web.EndpointLinksResolver      : Exposing 1 endpoint(s) beneath base path '/actuator'
2026-07-23 15:18:14.270  INFO 21420 --- [           main] o.s.b.w.embedded.tomcat.TomcatWebServer  : Tomcat started on port(s): 8080 (http) with context path ''
2026-07-23 15:18:14.353  INFO 21420 --- [           main] c.e.f.FishingReservationApplication      : Started FishingReservationApplication in 9.59 seconds (JVM running for 10.049)
2026-07-23 15:18:14.408  INFO 21420 --- [           main] com.zaxxer.hikari.HikariDataSource       : HikariPool-1 - Starting...
2026-07-23 15:18:14.556  INFO 21420 --- [           main] com.zaxxer.hikari.HikariDataSource       : HikariPool-1 - Start completed.
2026-07-23 15:18:14.726  INFO 21420 --- [           main] c.e.fishing.config.DemoDataInitializer   : Demo data ready. boss=18800000001/123456, user=18800000002/123456
2026-07-23 15:18:14.728  INFO 21420 --- [           main] c.e.f.config.SchemaMigrationRunner       : pond 表检查/创建完成
2026-07-23 15:18:14.737  INFO 21420 --- [           main] c.e.f.config.SchemaMigrationRunner       : invite_code 表检查/创建完成
2026-07-23 15:18:14.740  INFO 21420 --- [           main] c.e.f.config.SchemaMigrationRunner       : share_token 表检查/创建完成
2026-07-23 15:18:14.741  INFO 21420 --- [           main] c.e.f.config.SchemaMigrationRunner       : merchant_staff 表检查/创建完成
2026-07-23 15:18:14.743  INFO 21420 --- [           main] c.e.f.config.SchemaMigrationRunner       : 旧管理员角色已迁移为平台管理员(role=2)
2026-07-23 15:18:14.745  INFO 21420 --- [           main] c.e.f.config.SchemaMigrationRunner       : 默认商家账号角色已修正为 merchant
2026-07-23 15:18:14.746  INFO 21420 --- [           main] c.e.f.config.SchemaMigrationRunner       : 现有数据已归属到默认鱼塘
2026-07-23 15:18:14.752  INFO 21420 --- [           main] c.e.f.config.SchemaMigrationRunner       : 商城表检查/创建完成
2026-07-23 15:18:14.752  INFO 21420 --- [           main] c.e.f.config.SchemaMigrationRunner       : catch_records 表检查/创建完成
2026-07-23 15:18:14.755  INFO 21420 --- [           main] c.e.f.config.SchemaMigrationRunner       : restaurant_menus 表检查/创建完成
2026-07-23 15:18:14.755  INFO 21420 --- [           main] c.e.f.config.SchemaMigrationRunner       : 数据库结构自动迁移完成
2026-07-23 15:19:12.931  INFO 21420 --- [nio-8080-exec-1] o.a.c.c.C.[Tomcat].[localhost].[/]       : Initializing Spring DispatcherServlet 'dispatcherServlet'
2026-07-23 15:19:12.931  INFO 21420 --- [nio-8080-exec-1] o.s.web.servlet.DispatcherServlet        : Initializing Servlet 'dispatcherServlet'
2026-07-23 15:19:12.932  INFO 21420 --- [nio-8080-exec-1] o.s.web.servlet.DispatcherServlet        : Completed initialization in 1 ms
2026-07-23 15:19:14.826 ERROR 21420 --- [nio-8080-exec-2] c.e.f.common.GlobalExceptionHandler      : 系统异常 uri=/api/login

org.springframework.http.converter.HttpMessageNotReadableException: JSON parse error: Unexpected character ('p' (code 112)): was expecting double-quote to start field name; nested exception is com.fasterxml.jackson.core.JsonParseException: Unexpected character ('p' (code 112)): was expecting double-quote to start field name
 at [Source: (org.springframework.util.StreamUtils$NonClosingInputStream); line: 1, column: 3]
	at org.springframework.http.converter.json.AbstractJackson2HttpMessageConverter.readJavaType(AbstractJackson2HttpMessageConverter.java:391) ~[spring-web-5.3.31.jar!/:5.3.31]
	at org.springframework.http.converter.json.AbstractJackson2HttpMessageConverter.read(AbstractJackson2HttpMessageConverter.java:343) ~[spring-web-5.3.31.jar!/:5.3.31]
	at org.springframework.web.servlet.mvc.method.annotation.AbstractMessageConverterMethodArgumentResolver.readWithMessageConverters(AbstractMessageConverterMethodArgumentResolver.java:185) ~[spring-webmvc-5.3.31.jar!/:5.3.31]
	at org.springframework.web.servlet.mvc.method.annotation.RequestResponseBodyMethodProcessor.readWithMessageConverters(RequestResponseBodyMethodProcessor.java:160) ~[spring-webmvc-5.3.31.jar!/:5.3.31]
	at org.springframework.web.servlet.mvc.method.annotation.RequestResponseBodyMethodProcessor.resolveArgument(RequestResponseBodyMethodProcessor.java:133) ~[spring-webmvc-5.3.31.jar!/:5.3.31]
	at org.springframework.web.method.support.HandlerMethodArgumentResolverComposite.resolveArgument(HandlerMethodArgumentResolverComposite.java:122) ~[spring-web-5.3.31.jar!/:5.3.31]
	at org.springframework.web.method.support.InvocableHandlerMethod.getMethodArgumentValues(InvocableHandlerMethod.java:179) ~[spring-web-5.3.31.jar!/:5.3.31]
	at org.springframework.web.method.support.InvocableHandlerMethod.invokeForRequest(InvocableHandlerMethod.java:146) ~[spring-web-5.3.31.jar!/:5.3.31]
	at org.springframework.web.servlet.mvc.method.annotation.ServletInvocableHandlerMethod.invokeAndHandle(ServletInvocableHandlerMethod.java:117) ~[spring-webmvc-5.3.31.jar!/:5.3.31]
	at org.springframework.web.servlet.mvc.method.annotation.RequestMappingHandlerAdapter.invokeHandlerMethod(RequestMappingHandlerAdapter.java:895) ~[spring-webmvc-5.3.31.jar!/:5.3.31]
	at org.springframework.web.servlet.mvc.method.annotation.RequestMappingHandlerAdapter.handleInternal(RequestMappingHandlerAdapter.java:808) ~[spring-webmvc-5.3.31.jar!/:5.3.31]
	at org.springframework.web.servlet.mvc.method.AbstractHandlerMethodAdapter.handle(AbstractHandlerMethodAdapter.java:87) ~[spring-webmvc-5.3.31.jar!/:5.3.31]
	at org.springframework.web.servlet.DispatcherServlet.doDispatch(DispatcherServlet.java:1072) ~[spring-webmvc-5.3.31.jar!/:5.3.31]
	at org.springframework.web.servlet.DispatcherServlet.doService(DispatcherServlet.java:965) ~[spring-webmvc-5.3.31.jar!/:5.3.31]
	at org.springframework.web.servlet.FrameworkServlet.processRequest(FrameworkServlet.java:1006) ~[spring-webmvc-5.3.31.jar!/:5.3.31]
	at org.springframework.web.servlet.FrameworkServlet.doPost(FrameworkServlet.java:909) ~[spring-webmvc-5.3.31.jar!/:5.3.31]
	at javax.servlet.http.HttpServlet.service(HttpServlet.java:555) ~[tomcat-embed-core-9.0.83.jar!/:na]
	at org.springframework.web.servlet.FrameworkServlet.service(FrameworkServlet.java:883) ~[spring-webmvc-5.3.31.jar!/:5.3.31]
	at javax.servlet.http.HttpServlet.service(HttpServlet.java:623) ~[tomcat-embed-core-9.0.83.jar!/:na]
	at org.apache.catalina.core.ApplicationFilterChain.internalDoFilter(ApplicationFilterChain.java:209) ~[tomcat-embed-core-9.0.83.jar!/:na]
	at org.apache.catalina.core.ApplicationFilterChain.doFilter(ApplicationFilterChain.java:153) ~[tomcat-embed-core-9.0.83.jar!/:na]
	at org.apache.tomcat.websocket.server.WsFilter.doFilter(WsFilter.java:51) ~[tomcat-embed-websocket-9.0.83.jar!/:na]
	at org.apache.catalina.core.ApplicationFilterChain.internalDoFilter(ApplicationFilterChain.java:178) ~[tomcat-embed-core-9.0.83.jar!/:na]
	at org.apache.catalina.core.ApplicationFilterChain.doFilter(ApplicationFilterChain.java:153) ~[tomcat-embed-core-9.0.83.jar!/:na]
	at org.springframework.web.filter.RequestContextFilter.doFilterInternal(RequestContextFilter.java:100) ~[spring-web-5.3.31.jar!/:5.3.31]
	at org.springframework.web.filter.OncePerRequestFilter.doFilter(OncePerRequestFilter.java:117) ~[spring-web-5.3.31.jar!/:5.3.31]
	at org.apache.catalina.core.ApplicationFilterChain.internalDoFilter(ApplicationFilterChain.java:178) ~[tomcat-embed-core-9.0.83.jar!/:na]
	at org.apache.catalina.core.ApplicationFilterChain.doFilter(ApplicationFilterChain.java:153) ~[tomcat-embed-core-9.0.83.jar!/:na]
	at org.springframework.web.filter.FormContentFilter.doFilterInternal(FormContentFilter.java:93) ~[spring-web-5.3.31.jar!/:5.3.31]
	at org.springframework.web.filter.OncePerRequestFilter.doFilter(OncePerRequestFilter.java:117) ~[spring-web-5.3.31.jar!/:5.3.31]
	at org.apache.catalina.core.ApplicationFilterChain.internalDoFilter(ApplicationFilterChain.java:178) ~[tomcat-embed-core-9.0.83.jar!/:na]
	at org.apache.catalina.core.ApplicationFilterChain.doFilter(ApplicationFilterChain.java:153) ~[tomcat-embed-core-9.0.83.jar!/:na]
	at org.springframework.boot.actuate.metrics.web.servlet.WebMvcMetricsFilter.doFilterInternal(WebMvcMetricsFilter.java:96) ~[spring-boot-actuator-2.7.18.jar!/:2.7.18]
	at org.springframework.web.filter.OncePerRequestFilter.doFilter(OncePerRequestFilter.java:117) ~[spring-web-5.3.31.jar!/:5.3.31]
	at org.apache.catalina.core.ApplicationFilterChain.internalDoFilter(ApplicationFilterChain.java:178) ~[tomcat-embed-core-9.0.83.jar!/:na]
	at org.apache.catalina.core.ApplicationFilterChain.doFilter(ApplicationFilterChain.java:153) ~[tomcat-embed-core-9.0.83.jar!/:na]
	at org.springframework.web.filter.CharacterEncodingFilter.doFilterInternal(CharacterEncodingFilter.java:201) ~[spring-web-5.3.31.jar!/:5.3.31]
	at org.springframework.web.filter.OncePerRequestFilter.doFilter(OncePerRequestFilter.java:117) ~[spring-web-5.3.31.jar!/:5.3.31]
	at org.apache.catalina.core.ApplicationFilterChain.internalDoFilter(ApplicationFilterChain.java:178) ~[tomcat-embed-core-9.0.83.jar!/:na]
	at org.apache.catalina.core.ApplicationFilterChain.doFilter(ApplicationFilterChain.java:153) ~[tomcat-embed-core-9.0.83.jar!/:na]
	at org.apache.catalina.core.StandardWrapperValve.invoke(StandardWrapperValve.java:168) ~[tomcat-embed-core-9.0.83.jar!/:na]
	at org.apache.catalina.core.StandardContextValve.invoke(StandardContextValve.java:90) ~[tomcat-embed-core-9.0.83.jar!/:na]
	at org.apache.catalina.authenticator.AuthenticatorBase.invoke(AuthenticatorBase.java:481) ~[tomcat-embed-core-9.0.83.jar!/:na]
	at org.apache.catalina.core.StandardHostValve.invoke(StandardHostValve.java:130) ~[tomcat-embed-core-9.0.83.jar!/:na]
	at org.apache.catalina.valves.ErrorReportValve.invoke(ErrorReportValve.java:93) ~[tomcat-embed-core-9.0.83.jar!/:na]
	at org.apache.catalina.core.StandardEngineValve.invoke(StandardEngineValve.java:74) ~[tomcat-embed-core-9.0.83.jar!/:na]
	at org.apache.catalina.connector.CoyoteAdapter.service(CoyoteAdapter.java:342) ~[tomcat-embed-core-9.0.83.jar!/:na]
	at org.apache.coyote.http11.Http11Processor.service(Http11Processor.java:390) ~[tomcat-embed-core-9.0.83.jar!/:na]
	at org.apache.coyote.AbstractProcessorLight.process(AbstractProcessorLight.java:63) ~[tomcat-embed-core-9.0.83.jar!/:na]
	at org.apache.coyote.AbstractProtocol$ConnectionHandler.process(AbstractProtocol.java:928) ~[tomcat-embed-core-9.0.83.jar!/:na]
	at org.apache.tomcat.util.net.NioEndpoint$SocketProcessor.doRun(NioEndpoint.java:1794) ~[tomcat-embed-core-9.0.83.jar!/:na]
	at org.apache.tomcat.util.net.SocketProcessorBase.run(SocketProcessorBase.java:52) ~[tomcat-embed-core-9.0.83.jar!/:na]
	at org.apache.tomcat.util.threads.ThreadPoolExecutor.runWorker(ThreadPoolExecutor.java:1191) ~[tomcat-embed-core-9.0.83.jar!/:na]
	at org.apache.tomcat.util.threads.ThreadPoolExecutor$Worker.run(ThreadPoolExecutor.java:659) ~[tomcat-embed-core-9.0.83.jar!/:na]
	at org.apache.tomcat.util.threads.TaskThread$WrappingRunnable.run(TaskThread.java:61) ~[tomcat-embed-core-9.0.83.jar!/:na]
	at java.base/java.lang.Thread.run(Thread.java:840) ~[na:na]
Caused by: com.fasterxml.jackson.core.JsonParseException: Unexpected character ('p' (code 112)): was expecting double-quote to start field name
 at [Source: (org.springframework.util.StreamUtils$NonClosingInputStream); line: 1, column: 3]
	at com.fasterxml.jackson.core.JsonParser._constructError(JsonParser.java:2391) ~[jackson-core-2.13.5.jar!/:2.13.5]
	at com.fasterxml.jackson.core.base.ParserMinimalBase._reportError(ParserMinimalBase.java:735) ~[jackson-core-2.13.5.jar!/:2.13.5]
	at com.fasterxml.jackson.core.base.ParserMinimalBase._reportUnexpectedChar(ParserMinimalBase.java:659) ~[jackson-core-2.13.5.jar!/:2.13.5]
	at com.fasterxml.jackson.core.json.UTF8StreamJsonParser._handleOddName(UTF8StreamJsonParser.java:2096) ~[jackson-core-2.13.5.jar!/:2.13.5]
	at com.fasterxml.jackson.core.json.UTF8StreamJsonParser._parseName(UTF8StreamJsonParser.java:1746) ~[jackson-core-2.13.5.jar!/:2.13.5]
	at com.fasterxml.jackson.core.json.UTF8StreamJsonParser.nextToken(UTF8StreamJsonParser.java:798) ~[jackson-core-2.13.5.jar!/:2.13.5]
	at com.fasterxml.jackson.databind.deser.BeanDeserializer.deserialize(BeanDeserializer.java:181) ~[jackson-databind-2.13.5.jar!/:2.13.5]
	at com.fasterxml.jackson.databind.deser.DefaultDeserializationContext.readRootValue(DefaultDeserializationContext.java:323) ~[jackson-databind-2.13.5.jar!/:2.13.5]
	at com.fasterxml.jackson.databind.ObjectMapper._readMapAndClose(ObjectMapper.java:4674) ~[jackson-databind-2.13.5.jar!/:2.13.5]
	at com.fasterxml.jackson.databind.ObjectMapper.readValue(ObjectMapper.java:3682) ~[jackson-databind-2.13.5.jar!/:2.13.5]
	at org.springframework.http.converter.json.AbstractJackson2HttpMessageConverter.readJavaType(AbstractJackson2HttpMessageConverter.java:380) ~[spring-web-5.3.31.jar!/:5.3.31]
	... 55 common frames omitted

2026-07-23 15:20:00.015  INFO 21420 --- [   scheduling-1] c.e.fishing.job.ExpireReservationJob     : 开始执行预约过期失效定时任务
Creating a new SqlSession
Registering transaction synchronization for SqlSession [org.apache.ibatis.session.defaults.DefaultSqlSession@729c473d]
JDBC Connection [HikariProxyConnection@1271456127 wrapping com.mysql.cj.jdbc.ConnectionImpl@2acf5697] will be managed by Spring
==>  Preparing: SELECT id,slot_date,slot_name,start_time,end_time,max_bookings,advance_days,draw_start_time,draw_end_time,status,pond_id,default_price FROM time_slot WHERE (status = ? AND draw_end_time < ?)
==> Parameters: 1(Integer), 2026-07-23T15:20:00.027008200(LocalDateTime)
<==    Columns: id, slot_date, slot_name, start_time, end_time, max_bookings, advance_days, draw_start_time, draw_end_time, status, pond_id, default_price
<==        Row: 15, 2026-07-16, 早场, 06:00:00, 12:00:00, 10, 7, 2026-07-15 00:00:00, 2026-07-16 00:00:00, 1, 1, null
<==        Row: 16, 2026-07-18, 晚场, 06:00:00, 12:00:00, 10, 7, 2026-07-15 00:00:00, 2026-07-16 00:00:00, 1, 1, null
<==        Row: 17, 2026-07-17, 午场, 06:00:00, 12:00:00, 10, 7, 2026-07-15 00:00:00, 2026-07-16 00:00:00, 1, 1, null
<==        Row: 21, 2026-07-22, 早场, 08:00:00, 12:00:00, 30, 7, 2026-07-22 07:15:00, 2026-07-22 07:45:00, 1, 2, 100.00
<==        Row: 22, 2026-07-23, 早场, 08:00:00, 12:00:00, 30, 7, 2026-07-23 07:15:00, 2026-07-23 07:45:00, 1, 2, 100.00
<==        Row: 23, 2026-07-22, 午场, 12:00:00, 18:00:00, 30, 7, 2026-07-22 11:15:00, 2026-07-22 11:45:00, 1, 2, 100.00
<==        Row: 24, 2026-07-22, 晚场, 18:00:00, 22:00:00, 30, 7, 2026-07-22 17:15:00, 2026-07-22 17:45:00, 1, 2, 100.00
<==        Row: 25, 2026-07-22, 全天场, 08:00:00, 22:00:00, 30, 7, 2026-07-22 07:15:00, 2026-07-22 07:45:00, 1, 2, 100.00
<==        Row: 26, 2026-07-22, 全天场, 08:00:00, 22:00:00, 30, 7, 2026-07-22 07:15:00, 2026-07-22 07:45:00, 1, 1, 100.00
<==        Row: 27, 2026-07-22, 早场, 07:00:00, 11:30:00, 18, 30, 2026-07-21 22:53:20, 2026-07-22 06:00:00, 1, 4, 9800.00
<==        Row: 28, 2026-07-22, 午场, 12:30:00, 17:00:00, 18, 30, 2026-07-21 22:53:20, 2026-07-22 11:30:00, 1, 5, 11800.00
<==        Row: 29, 2026-07-22, 晚场, 18:00:00, 22:00:00, 18, 30, 2026-07-21 22:53:20, 2026-07-22 17:00:00, 1, 6, 13800.00
<==        Row: 30, 2026-07-23, 全天场, 08:00:00, 18:00:00, 18, 30, 2026-07-21 22:53:20, 2026-07-23 07:00:00, 1, 4, 15800.00
<==        Row: 31, 2026-07-23, 早场, 07:00:00, 11:30:00, 18, 30, 2026-07-21 22:53:20, 2026-07-23 06:00:00, 1, 5, 9800.00
<==        Row: 32, 2026-07-23, 午场, 12:30:00, 17:00:00, 18, 30, 2026-07-21 22:53:20, 2026-07-23 11:30:00, 1, 6, 11800.00
<==        Row: 39, 2026-07-23, 早场, 07:00:00, 11:30:00, 18, 30, 2026-07-22 19:33:42, 2026-07-23 06:00:00, 1, 4, 9800.00
<==        Row: 40, 2026-07-23, 午场, 12:30:00, 17:00:00, 18, 30, 2026-07-22 19:33:42, 2026-07-23 11:30:00, 1, 5, 11800.00
<==        Row: 51, 2026-07-23, 早场, 06:00:00, 12:00:00, 10, 7, 2026-07-22 00:00:00, 2026-07-23 00:00:00, 1, 3, 3.00
<==      Total: 18
Releasing transactional SqlSession [org.apache.ibatis.session.defaults.DefaultSqlSession@729c473d]
Fetched SqlSession [org.apache.ibatis.session.defaults.DefaultSqlSession@729c473d] from current transaction
==>  Preparing: SELECT id,user_id,slot_id,status,create_time,cancel_time,cancel_reason,pond_id,checkin_code,actual_fee,check_in_time FROM reservation WHERE (slot_id = ? AND status = ?)
==> Parameters: 15(Long), 待抽号(String)
<==      Total: 0
Releasing transactional SqlSession [org.apache.ibatis.session.defaults.DefaultSqlSession@729c473d]
Fetched SqlSession [org.apache.ibatis.session.defaults.DefaultSqlSession@729c473d] from current transaction
==>  Preparing: SELECT id,user_id,slot_id,status,create_time,cancel_time,cancel_reason,pond_id,checkin_code,actual_fee,check_in_time FROM reservation WHERE (slot_id = ? AND status = ?)
==> Parameters: 16(Long), 待抽号(String)
<==      Total: 0
Releasing transactional SqlSession [org.apache.ibatis.session.defaults.DefaultSqlSession@729c473d]
Fetched SqlSession [org.apache.ibatis.session.defaults.DefaultSqlSession@729c473d] from current transaction
==>  Preparing: SELECT id,user_id,slot_id,status,create_time,cancel_time,cancel_reason,pond_id,checkin_code,actual_fee,check_in_time FROM reservation WHERE (slot_id = ? AND status = ?)
==> Parameters: 17(Long), 待抽号(String)
<==      Total: 0
Releasing transactional SqlSession [org.apache.ibatis.session.defaults.DefaultSqlSession@729c473d]
Fetched SqlSession [org.apache.ibatis.session.defaults.DefaultSqlSession@729c473d] from current transaction
==>  Preparing: SELECT id,user_id,slot_id,status,create_time,cancel_time,cancel_reason,pond_id,checkin_code,actual_fee,check_in_time FROM reservation WHERE (slot_id = ? AND status = ?)
==> Parameters: 21(Long), 待抽号(String)
<==      Total: 0
Releasing transactional SqlSession [org.apache.ibatis.session.defaults.DefaultSqlSession@729c473d]
Fetched SqlSession [org.apache.ibatis.session.defaults.DefaultSqlSession@729c473d] from current transaction
==>  Preparing: SELECT id,user_id,slot_id,status,create_time,cancel_time,cancel_reason,pond_id,checkin_code,actual_fee,check_in_time FROM reservation WHERE (slot_id = ? AND status = ?)
==> Parameters: 22(Long), 待抽号(String)
<==      Total: 0
Releasing transactional SqlSession [org.apache.ibatis.session.defaults.DefaultSqlSession@729c473d]
Fetched SqlSession [org.apache.ibatis.session.defaults.DefaultSqlSession@729c473d] from current transaction
==>  Preparing: SELECT id,user_id,slot_id,status,create_time,cancel_time,cancel_reason,pond_id,checkin_code,actual_fee,check_in_time FROM reservation WHERE (slot_id = ? AND status = ?)
==> Parameters: 23(Long), 待抽号(String)
<==      Total: 0
Releasing transactional SqlSession [org.apache.ibatis.session.defaults.DefaultSqlSession@729c473d]
Fetched SqlSession [org.apache.ibatis.session.defaults.DefaultSqlSession@729c473d] from current transaction
==>  Preparing: SELECT id,user_id,slot_id,status,create_time,cancel_time,cancel_reason,pond_id,checkin_code,actual_fee,check_in_time FROM reservation WHERE (slot_id = ? AND status = ?)
==> Parameters: 24(Long), 待抽号(String)
<==      Total: 0
Releasing transactional SqlSession [org.apache.ibatis.session.defaults.DefaultSqlSession@729c473d]
Fetched SqlSession [org.apache.ibatis.session.defaults.DefaultSqlSession@729c473d] from current transaction
==>  Preparing: SELECT id,user_id,slot_id,status,create_time,cancel_time,cancel_reason,pond_id,checkin_code,actual_fee,check_in_time FROM reservation WHERE (slot_id = ? AND status = ?)
==> Parameters: 25(Long), 待抽号(String)
<==      Total: 0
Releasing transactional SqlSession [org.apache.ibatis.session.defaults.DefaultSqlSession@729c473d]
Fetched SqlSession [org.apache.ibatis.session.defaults.DefaultSqlSession@729c473d] from current transaction
==>  Preparing: SELECT id,user_id,slot_id,status,create_time,cancel_time,cancel_reason,pond_id,checkin_code,actual_fee,check_in_time FROM reservation WHERE (slot_id = ? AND status = ?)
==> Parameters: 26(Long), 待抽号(String)
<==      Total: 0
Releasing transactional SqlSession [org.apache.ibatis.session.defaults.DefaultSqlSession@729c473d]
Fetched SqlSession [org.apache.ibatis.session.defaults.DefaultSqlSession@729c473d] from current transaction
==>  Preparing: SELECT id,user_id,slot_id,status,create_time,cancel_time,cancel_reason,pond_id,checkin_code,actual_fee,check_in_time FROM reservation WHERE (slot_id = ? AND status = ?)
==> Parameters: 27(Long), 待抽号(String)
<==      Total: 0
Releasing transactional SqlSession [org.apache.ibatis.session.defaults.DefaultSqlSession@729c473d]
Fetched SqlSession [org.apache.ibatis.session.defaults.DefaultSqlSession@729c473d] from current transaction
==>  Preparing: SELECT id,user_id,slot_id,status,create_time,cancel_time,cancel_reason,pond_id,checkin_code,actual_fee,check_in_time FROM reservation WHERE (slot_id = ? AND status = ?)
==> Parameters: 28(Long), 待抽号(String)
<==      Total: 0
Releasing transactional SqlSession [org.apache.ibatis.session.defaults.DefaultSqlSession@729c473d]
Fetched SqlSession [org.apache.ibatis.session.defaults.DefaultSqlSession@729c473d] from current transaction
==>  Preparing: SELECT id,user_id,slot_id,status,create_time,cancel_time,cancel_reason,pond_id,checkin_code,actual_fee,check_in_time FROM reservation WHERE (slot_id = ? AND status = ?)
==> Parameters: 29(Long), 待抽号(String)
<==      Total: 0
Releasing transactional SqlSession [org.apache.ibatis.session.defaults.DefaultSqlSession@729c473d]
Fetched SqlSession [org.apache.ibatis.session.defaults.DefaultSqlSession@729c473d] from current transaction
==>  Preparing: SELECT id,user_id,slot_id,status,create_time,cancel_time,cancel_reason,pond_id,checkin_code,actual_fee,check_in_time FROM reservation WHERE (slot_id = ? AND status = ?)
==> Parameters: 30(Long), 待抽号(String)
<==      Total: 0
Releasing transactional SqlSession [org.apache.ibatis.session.defaults.DefaultSqlSession@729c473d]
Fetched SqlSession [org.apache.ibatis.session.defaults.DefaultSqlSession@729c473d] from current transaction
==>  Preparing: SELECT id,user_id,slot_id,status,create_time,cancel_time,cancel_reason,pond_id,checkin_code,actual_fee,check_in_time FROM reservation WHERE (slot_id = ? AND status = ?)
==> Parameters: 31(Long), 待抽号(String)
<==      Total: 0
Releasing transactional SqlSession [org.apache.ibatis.session.defaults.DefaultSqlSession@729c473d]
Fetched SqlSession [org.apache.ibatis.session.defaults.DefaultSqlSession@729c473d] from current transaction
==>  Preparing: SELECT id,user_id,slot_id,status,create_time,cancel_time,cancel_reason,pond_id,checkin_code,actual_fee,check_in_time FROM reservation WHERE (slot_id = ? AND status = ?)
==> Parameters: 32(Long), 待抽号(String)
<==      Total: 0
Releasing transactional SqlSession [org.apache.ibatis.session.defaults.DefaultSqlSession@729c473d]
Fetched SqlSession [org.apache.ibatis.session.defaults.DefaultSqlSession@729c473d] from current transaction
==>  Preparing: SELECT id,user_id,slot_id,status,create_time,cancel_time,cancel_reason,pond_id,checkin_code,actual_fee,check_in_time FROM reservation WHERE (slot_id = ? AND status = ?)
==> Parameters: 39(Long), 待抽号(String)
<==      Total: 0
Releasing transactional SqlSession [org.apache.ibatis.session.defaults.DefaultSqlSession@729c473d]
Fetched SqlSession [org.apache.ibatis.session.defaults.DefaultSqlSession@729c473d] from current transaction
==>  Preparing: SELECT id,user_id,slot_id,status,create_time,cancel_time,cancel_reason,pond_id,checkin_code,actual_fee,check_in_time FROM reservation WHERE (slot_id = ? AND status = ?)
==> Parameters: 40(Long), 待抽号(String)
<==      Total: 0
Releasing transactional SqlSession [org.apache.ibatis.session.defaults.DefaultSqlSession@729c473d]
Fetched SqlSession [org.apache.ibatis.session.defaults.DefaultSqlSession@729c473d] from current transaction
==>  Preparing: SELECT id,user_id,slot_id,status,create_time,cancel_time,cancel_reason,pond_id,checkin_code,actual_fee,check_in_time FROM reservation WHERE (slot_id = ? AND status = ?)
==> Parameters: 51(Long), 待抽号(String)
<==      Total: 0
Releasing transactional SqlSession [org.apache.ibatis.session.defaults.DefaultSqlSession@729c473d]
Transaction synchronization committing SqlSession [org.apache.ibatis.session.defaults.DefaultSqlSession@729c473d]
Transaction synchronization deregistering SqlSession [org.apache.ibatis.session.defaults.DefaultSqlSession@729c473d]
Transaction synchronization closing SqlSession [org.apache.ibatis.session.defaults.DefaultSqlSession@729c473d]
2026-07-23 15:20:00.154  INFO 21420 --- [   scheduling-1] c.e.fishing.job.ExpireReservationJob     : 预约过期失效定时任务执行完成
