#
# A fatal error has been detected by the Java Runtime Environment:
#
#  EXCEPTION_ACCESS_VIOLATION (0xc0000005) at pc=0x00007ffbce3b18fc, pid=94552, tid=53764
#
# JRE version: OpenJDK Runtime Environment Microsoft-11926163 (17.0.16+8) (build 17.0.16+8-LTS)
# Java VM: OpenJDK 64-Bit Server VM Microsoft-11926163 (17.0.16+8-LTS, mixed mode, sharing, tiered, compressed oops, compressed class ptrs, g1 gc, windows-amd64)
# Problematic frame:
# V  [jvm.dll+0x218fc]
#
# No core dump will be written. Minidumps are not enabled by default on client versions of Windows
#
# If you would like to submit a bug report, please visit:
#   https://github.com/microsoft/openjdk/issues
#

---------------  S U M M A R Y ------------

Command Line: -javaagent:E:\IntelliJ IDEA 2024.3.3\lib\idea_rt.jar=57672:E:\IntelliJ IDEA 2024.3.3\bin -Dfile.encoding=UTF-8 com.example.fishing.FishingReservationApplication

Host: 13th Gen Intel(R) Core(TM) i9-13980HX, 32 cores, 31G,  Windows 11 , 64 bit Build 26100 (10.0.26100.8875)
Time: Mon Jul 20 16:17:05 2026  Windows 11 , 64 bit Build 26100 (10.0.26100.8875) elapsed time: 994.751673 seconds (0d 0h 16m 34s)

---------------  T H R E A D  ---------------

Current thread (0x00000245510eb610):  JavaThread "C2 CompilerThread0" daemon [_thread_in_native, id=53764, stack(0x00000099fad00000,0x00000099fae00000)]


Current CompileTask:
C2: 994751 10381       4       org.springframework.core.MethodIntrospector$$Lambda$544/0x0000024511418000::doWith (17 bytes)

Stack: [0x00000099fad00000,0x00000099fae00000],  sp=0x00000099fadfb9e0,  free space=1006k
Native frames: (J=compiled Java code, j=interpreted, Vv=VM code, C=native code)
V  [jvm.dll+0x218fc]
V  [jvm.dll+0x129843]
V  [jvm.dll+0x128976]
V  [jvm.dll+0x69477c]
V  [jvm.dll+0x21e2fc]
V  [jvm.dll+0x21d36d]
V  [jvm.dll+0x1a8ce6]
V  [jvm.dll+0x22db1b]
V  [jvm.dll+0x22bca6]
V  [jvm.dll+0x7fba9b]
V  [jvm.dll+0x7f5e9c]
V  [jvm.dll+0x68dd27]
C  [ucrtbase.dll+0x2cd30]
C  [KERNEL32.DLL+0x2e957]
C  [ntdll.dll+0xaad6c]


siginfo: EXCEPTION_ACCESS_VIOLATION (0xc0000005), reading address 0x0000000000000085


Registers:
RAX=0x00007ffbcec85d80, RBX=0x000002455ba845a0, RCX=0x000002455665a850, RDX=0x000000000000001d
RSP=0x00000099fadfb9e0, RBP=0x0000000000000000, RSI=0x0000000000000003, RDI=0x000002455665a850
R8 =0x000000000000001c, R9 =0x0000024551a15388, R10=0x00000099fadfc110, R11=0x00007ffcbbf313e3
R12=0x0000000000000014, R13=0x0000000000000002, R14=0x000002455665a850, R15=0x0000000000000002
RIP=0x00007ffbce3b18fc, EFLAGS=0x0000000000010202

XMM[0]=0x0000000000000000 0x0000000000000000
XMM[1]=0x0000000000000000 0x0303fc33b000c000
XMM[2]=0x0000000000000000 0x0000000000000000
XMM[3]=0x0000000000000000 0x0000000000000000
XMM[4]=0x0000000000000000 0x0000000000000000
XMM[5]=0x0000000000000000 0x0000000000000000
XMM[6]=0x0000000000000000 0x0000000000000000
XMM[7]=0x0000000000000000 0x0000000000000000
XMM[8]=0x0000000000000000 0x0000000000000000
XMM[9]=0x0000000000000000 0x0000000000000000
XMM[10]=0x0000000000000000 0x0000000000000000
XMM[11]=0x0000000000000000 0x0000000000000000
XMM[12]=0x0000000000000000 0x0000000000000000
XMM[13]=0x0000000000000000 0x0000000000000000
XMM[14]=0x0000000000000000 0x0000000000000000
XMM[15]=0x0000000000000000 0x0000000000000000
  MXCSR=0x00001fa0


Register to memory mapping:

RIP=0x00007ffbce3b18fc jvm.dll
RAX=0x00007ffbcec85d80 jvm.dll
RBX=0x000002455ba845a0 points into unknown readable memory: 0x00000000f0000000 | 00 00 00 f0 00 00 00 00
RCX=0x000002455665a850 points into unknown readable memory: 0x00007ffbcec85d80 | 80 5d c8 ce fb 7f 00 00
RDX=0x000000000000001d is an unknown value
RSP=0x00000099fadfb9e0 is pointing into the stack for thread: 0x00000245510eb610
RBP=0x0 is NULL
RSI=0x0000000000000003 is an unknown value
RDI=0x000002455665a850 points into unknown readable memory: 0x00007ffbcec85d80 | 80 5d c8 ce fb 7f 00 00
R8 =0x000000000000001c is an unknown value
R9 =0x0000024551a15388 points into unknown readable memory: 0x00007ffbcec88ff0 | f0 8f c8 ce fb 7f 00 00
R10=0x00000099fadfc110 is pointing into the stack for thread: 0x00000245510eb610
R11=0x00007ffcbbf313e3 VCRUNTIME140.dll
R12=0x0000000000000014 is an unknown value
R13=0x0000000000000002 is an unknown value
R14=0x000002455665a850 points into unknown readable memory: 0x00007ffbcec85d80 | 80 5d c8 ce fb 7f 00 00
R15=0x0000000000000002 is an unknown value


Top of Stack: (sp=0x00000099fadfb9e0)
0x00000099fadfb9e0:   0000009900000000 00000000000001dc
0x00000099fadfb9f0:   000002455d8cd450 00007ffbce43ee59
0x00000099fadfba00:   000002457a6fe430 00007ffbce43edde
0x00000099fadfba10:   000002455905d760 0000000000000100
0x00000099fadfba20:   0000000000760000 0000000007410000
0x00000099fadfba30:   0000000000000010 00007ffbce63a265
0x00000099fadfba40:   0000000000000100 000000000000000e
0x00000099fadfba50:   000002455905d730 0000000000000008
0x00000099fadfba60:   0000000000000000 00007ffbce43ec84
0x00000099fadfba70:   0000000000007fd8 000002455880d4b8
0x00000099fadfba80:   0000000000000008 000002455905d730
0x00000099fadfba90:   000000000000000e 0000000000000070
0x00000099fadfbaa0:   000000005880d4b8 000002457f8550c0
0x00000099fadfbab0:   000002455905d7e0 00007ffbce639f9c
0x00000099fadfbac0:   0000000000000003 0000024500000010
0x00000099fadfbad0:   0000000000000100 000002457f855110
0x00000099fadfbae0:   0000000000000002 000002455665a850
0x00000099fadfbaf0:   0000000000000002 0000000000000014
0x00000099fadfbb00:   000002455665a850 0000000000000003
0x00000099fadfbb10:   0000000000000000 00007ffbce4b9843
0x00000099fadfbb20:   000002455ba845a0 000002455ba845a0
0x00000099fadfbb30:   000000000000001c 000002457f720601
0x00000099fadfbb40:   000002455ba63e40 00000245812b0628
0x00000099fadfbb50:   000002457f720650 0000000000000088
0x00000099fadfbb60:   0000000000000000 0000000000000002
0x00000099fadfbb70:   00007ffbcecbed78 0000000000000020
0x00000099fadfbb80:   00000099fadfcfc0 0000000000000280
0x00000099fadfbb90:   000002455905d730 000002457a6fe430
0x00000099fadfbba0:   0000000000000000 00000099fadfbc79
0x00000099fadfbbb0:   0000000000000014 00007ffbce4b8976
0x00000099fadfbbc0:   00000099fadfc110 00000099fadfc070
0x00000099fadfbbd0:   00000099fadfbbf0 0000024500000014 

Instructions: (pc=0x00007ffbce3b18fc)
0x00007ffbce3b17fc:   57 50 48 8d 05 13 a8 89 00 49 8b cf 48 89 44 24
0x00007ffbce3b180c:   40 e8 4e bd 58 00 8b c8 49 8b 47 08 48 8b 0c c8
0x00007ffbce3b181c:   48 8b 01 ff 50 28 48 8b d8 48 8b 48 18 e8 82 65
0x00007ffbce3b182c:   7e 00 48 63 c8 48 8d 2d c8 eb b0 00 44 8b ce 4d
0x00007ffbce3b183c:   8b c7 49 8b d4 8b 6c 8d 00 49 8b 4f 68 0f af 6b
0x00007ffbce3b184c:   20 48 8b 01 ff 50 20 49 8b 4f 58 45 8b ce 48 63
0x00007ffbce3b185c:   f8 4d 8b c7 49 8b d4 48 8b 01 ff 50 20 49 8b 4f
0x00007ffbce3b186c:   50 41 b9 01 00 00 00 48 63 d8 4d 8b c7 49 8b d4
0x00007ffbce3b187c:   48 8b 01 ff 50 20 4c 63 c8 44 8b c5 48 8b 05 e1
0x00007ffbce3b188c:   58 9a 00 48 8d 4c 24 40 48 89 44 24 38 ba 04 00
0x00007ffbce3b189c:   00 00 48 8b 05 c3 57 9a 00 48 89 44 24 30 48 89
0x00007ffbce3b18ac:   7c 24 28 48 89 5c 24 20 e8 e7 54 18 00 4c 8d 5c
0x00007ffbce3b18bc:   24 70 49 8b 5b 20 49 8b 6b 28 49 8b 73 30 49 8b
0x00007ffbce3b18cc:   7b 38 49 8b e3 41 5f 41 5e 41 5c c3 cc cc cc cc
0x00007ffbce3b18dc:   cc cc cc cc 48 89 5c 24 10 4c 89 44 24 18 55 56
0x00007ffbce3b18ec:   57 41 54 41 55 41 56 41 57 48 81 ec 00 01 00 00
0x00007ffbce3b18fc:   48 8b 42 68 4c 8b e9 48 89 42 60 49 8b f0 48 8b
0x00007ffbce3b190c:   49 50 48 8b da 48 8b 01 ff 50 08 48 8b d3 48 8d
0x00007ffbce3b191c:   4c 24 30 e8 ac a5 09 00 48 8d 05 ed 19 89 00 48
0x00007ffbce3b192c:   8d 4c 24 30 48 89 44 24 30 e8 46 1b 0b 00 4d 8b
0x00007ffbce3b193c:   65 50 48 8d 05 d3 a6 89 00 48 89 44 24 30 49 8b
0x00007ffbce3b194c:   cc 49 8b 45 58 48 89 84 24 40 01 00 00 49 8b 04
0x00007ffbce3b195c:   24 48 8b 90 88 00 00 00 48 8b 98 80 00 00 00 48
0x00007ffbce3b196c:   8b 78 78 48 8b 68 70 4c 8b 78 68 ff d2 41 b9 02
0x00007ffbce3b197c:   00 00 00 4d 8b c5 48 8b d6 49 8b cc 44 8b f0 ff
0x00007ffbce3b198c:   d3 49 8b cc 8b f0 ff d7 48 8b 94 24 50 01 00 00
0x00007ffbce3b199c:   41 b9 02 00 00 00 4d 8b c5 49 8b cc 8b f8 ff d5
0x00007ffbce3b19ac:   48 8b 94 24 50 01 00 00 41 b9 02 00 00 00 4d 8b
0x00007ffbce3b19bc:   c5 49 8b cc 8b d8 41 ff d7 8b d0 44 89 74 24 28
0x00007ffbce3b19cc:   44 8b cf 89 74 24 20 44 8b c3 48 8d 8c 24 b0 00
0x00007ffbce3b19dc:   00 00 e8 9d 40 0b 00 48 8b 8c 24 40 01 00 00 0f
0x00007ffbce3b19ec:   10 00 0f 10 48 10 0f 29 44 24 60 0f 10 40 20 0f 


Stack slot to memory mapping:
stack at sp + 0 slots: 0x0000009900000000 is an unknown value
stack at sp + 1 slots: 0x00000000000001dc is an unknown value
stack at sp + 2 slots: 0x000002455d8cd450 points into unknown readable memory: 0x000002458138f2c0 | c0 f2 38 81 45 02 00 00
stack at sp + 3 slots: 0x00007ffbce43ee59 jvm.dll
stack at sp + 4 slots: 0x000002457a6fe430 points into unknown readable memory: 0x0000024500000006 | 06 00 00 00 45 02 00 00
stack at sp + 5 slots: 0x00007ffbce43edde jvm.dll
stack at sp + 6 slots: 0x000002455905d760 points into unknown readable memory: 0x0000000800000008 | 08 00 00 00 08 00 00 00
stack at sp + 7 slots: 0x0000000000000100 is an unknown value


---------------  P R O C E S S  ---------------

Threads class SMR info:
_java_thread_list=0x0000024559a7da60, length=50, elements={
0x000002457a6e5f00, 0x000002457a6e6ac0, 0x00000245510e4f80, 0x00000245510e5850,
0x00000245510e6120, 0x00000245510e69f0, 0x00000245510eb610, 0x00000245510f4f40,
0x00000245510f5850, 0x000002455121f770, 0x000002455164f960, 0x0000024551b3b390,
0x00000245570ab610, 0x0000024556581c90, 0x0000024556947790, 0x0000024556947c70,
0x00000245573de570, 0x00000245573df4a0, 0x00000245573e1810, 0x00000245573e1d20,
0x00000245573e03d0, 0x00000245573e08e0, 0x00000245573dea80, 0x00000245573e2740,
0x00000245573e2c50, 0x00000245573e3b80, 0x00000245573e45a0, 0x00000245573e3670,
0x00000245573e3160, 0x00000245573de060, 0x00000245573e4fc0, 0x00000245573e59e0,
0x00000245573e54d0, 0x00000245573e2230, 0x000002455608ada0, 0x0000024556089960,
0x000002455a0a05d0, 0x000002455a0a1f20, 0x000002455a0a1500, 0x000002455a09fbb0,
0x000002455a0a2430, 0x000002455a0a0ae0, 0x000002455a0a00c0, 0x000002455a0a1a10,
0x000002455a09f190, 0x000002457f846f70, 0x000002457f8483b0, 0x000002457f844c00,
0x000002455a7072e0, 0x000002455a705da0
}

Java Threads: ( => current thread )
  0x000002457a6e5f00 JavaThread "Reference Handler" daemon [_thread_blocked, id=98964, stack(0x00000099fa700000,0x00000099fa800000)]
  0x000002457a6e6ac0 JavaThread "Finalizer" daemon [_thread_blocked, id=62996, stack(0x00000099fa800000,0x00000099fa900000)]
  0x00000245510e4f80 JavaThread "Signal Dispatcher" daemon [_thread_blocked, id=73804, stack(0x00000099fa900000,0x00000099faa00000)]
  0x00000245510e5850 JavaThread "Attach Listener" daemon [_thread_blocked, id=90080, stack(0x00000099faa00000,0x00000099fab00000)]
  0x00000245510e6120 JavaThread "Service Thread" daemon [_thread_blocked, id=100924, stack(0x00000099fab00000,0x00000099fac00000)]
  0x00000245510e69f0 JavaThread "Monitor Deflation Thread" daemon [_thread_blocked, id=84684, stack(0x00000099fac00000,0x00000099fad00000)]
=>0x00000245510eb610 JavaThread "C2 CompilerThread0" daemon [_thread_in_native, id=53764, stack(0x00000099fad00000,0x00000099fae00000)]
  0x00000245510f4f40 JavaThread "C1 CompilerThread0" daemon [_thread_blocked, id=99560, stack(0x00000099fae00000,0x00000099faf00000)]
  0x00000245510f5850 JavaThread "Sweeper thread" daemon [_thread_blocked, id=84140, stack(0x00000099faf00000,0x00000099fb000000)]
  0x000002455121f770 JavaThread "Common-Cleaner" daemon [_thread_blocked, id=70856, stack(0x00000099fb100000,0x00000099fb200000)]
  0x000002455164f960 JavaThread "Monitor Ctrl-Break" daemon [_thread_in_native, id=51176, stack(0x00000099fb400000,0x00000099fb500000)]
  0x0000024551b3b390 JavaThread "Notification Thread" daemon [_thread_blocked, id=98988, stack(0x00000099fb500000,0x00000099fb600000)]
  0x00000245570ab610 JavaThread "RMI TCP Accept-0" daemon [_thread_in_native, id=86312, stack(0x00000099fc700000,0x00000099fc800000)]
  0x0000024556581c90 JavaThread "RMI TCP Connection(1)-192.168.2.216" daemon [_thread_in_native, id=92772, stack(0x00000099fc800000,0x00000099fc900000)]
  0x0000024556947790 JavaThread "RMI Scheduler(0)" daemon [_thread_blocked, id=100312, stack(0x00000099fc900000,0x00000099fca00000)]
  0x0000024556947c70 JavaThread "JMX server connection timeout 31" daemon [_thread_blocked, id=92296, stack(0x00000099fca00000,0x00000099fcb00000)]
  0x00000245573de570 JavaThread "mysql-cj-abandoned-connection-cleanup" daemon [_thread_blocked, id=89904, stack(0x00000099fdd00000,0x00000099fde00000)]
  0x00000245573df4a0 JavaThread "Catalina-utility-1" [_thread_blocked, id=53000, stack(0x00000099fde00000,0x00000099fdf00000)]
  0x00000245573e1810 JavaThread "Catalina-utility-2" [_thread_blocked, id=52936, stack(0x00000099fdf00000,0x00000099fe000000)]
  0x00000245573e1d20 JavaThread "container-0" [_thread_blocked, id=59924, stack(0x00000099fe000000,0x00000099fe100000)]
  0x00000245573e03d0 JavaThread "Thread-1" daemon [_thread_in_native, id=93552, stack(0x00000099fe400000,0x00000099fe500000)]
  0x00000245573e08e0 JavaThread "redisson-netty-2-1" [_thread_in_native, id=99832, stack(0x00000099fe500000,0x00000099fe600000)]
  0x00000245573dea80 JavaThread "redisson-netty-2-2" [_thread_in_native, id=93216, stack(0x00000099fe600000,0x00000099fe700000)]
  0x00000245573e2740 JavaThread "redisson-netty-2-3" [_thread_in_native, id=72212, stack(0x00000099fe700000,0x00000099fe800000)]
  0x00000245573e2c50 JavaThread "redisson-timer-4-1" [_thread_blocked, id=85032, stack(0x00000099fe900000,0x00000099fea00000)]
  0x00000245573e3b80 JavaThread "redisson-netty-2-4" [_thread_in_native, id=48456, stack(0x00000099fea00000,0x00000099feb00000)]
  0x00000245573e45a0 JavaThread "redisson-netty-2-5" [_thread_in_native, id=60700, stack(0x00000099feb00000,0x00000099fec00000)]
  0x00000245573e3670 JavaThread "redisson-netty-2-6" [_thread_in_native, id=87440, stack(0x00000099fec00000,0x00000099fed00000)]
  0x00000245573e3160 JavaThread "redisson-netty-2-7" [_thread_in_native, id=98436, stack(0x00000099fed00000,0x00000099fee00000)]
  0x00000245573de060 JavaThread "lettuce-timer-6-1" daemon [_thread_blocked, id=58364, stack(0x0000009980000000,0x0000009980100000)]
  0x00000245573e4fc0 JavaThread "http-nio-8080-exec-1" daemon [_thread_blocked, id=93732, stack(0x0000009980100000,0x0000009980200000)]
  0x00000245573e59e0 JavaThread "http-nio-8080-exec-2" daemon [_thread_blocked, id=92900, stack(0x0000009980200000,0x0000009980300000)]
  0x00000245573e54d0 JavaThread "http-nio-8080-exec-3" daemon [_thread_blocked, id=94344, stack(0x0000009980300000,0x0000009980400000)]
  0x00000245573e2230 JavaThread "http-nio-8080-exec-4" daemon [_thread_blocked, id=89572, stack(0x0000009980400000,0x0000009980500000)]
  0x000002455608ada0 JavaThread "http-nio-8080-exec-5" daemon [_thread_blocked, id=93768, stack(0x0000009980500000,0x0000009980600000)]
  0x0000024556089960 JavaThread "http-nio-8080-exec-6" daemon [_thread_blocked, id=95612, stack(0x0000009980600000,0x0000009980700000)]
  0x000002455a0a05d0 JavaThread "http-nio-8080-exec-7" daemon [_thread_blocked, id=94368, stack(0x0000009980800000,0x0000009980900000)]
  0x000002455a0a1f20 JavaThread "http-nio-8080-exec-8" daemon [_thread_blocked, id=82092, stack(0x0000009980900000,0x0000009980a00000)]
  0x000002455a0a1500 JavaThread "http-nio-8080-exec-9" daemon [_thread_blocked, id=73996, stack(0x0000009980b00000,0x0000009980c00000)]
  0x000002455a09fbb0 JavaThread "http-nio-8080-exec-10" daemon [_thread_blocked, id=45084, stack(0x0000009980c00000,0x0000009980d00000)]
  0x000002455a0a2430 JavaThread "http-nio-8080-Poller" daemon [_thread_in_native, id=100244, stack(0x0000009980e00000,0x0000009980f00000)]
  0x000002455a0a0ae0 JavaThread "http-nio-8080-Acceptor" daemon [_thread_in_native, id=72104, stack(0x0000009980f00000,0x0000009981000000)]
  0x000002455a0a00c0 JavaThread "scheduling-1" [_thread_blocked, id=92460, stack(0x0000009981100000,0x0000009981200000)]
  0x000002455a0a1a10 JavaThread "HikariPool-1 housekeeper" daemon [_thread_blocked, id=94856, stack(0x0000009981200000,0x0000009981300000)]
  0x000002455a09f190 JavaThread "DestroyJavaVM" [_thread_blocked, id=101344, stack(0x00000099fa000000,0x00000099fa100000)]
  0x000002457f846f70 JavaThread "Java2D Disposer" daemon [_thread_blocked, id=101152, stack(0x0000009981b00000,0x0000009981c00000)]
  0x000002457f8483b0 JavaThread "AWT-Windows" daemon [_thread_in_native, id=75856, stack(0x0000009981d00000,0x0000009981e00000)]
  0x000002457f844c00 JavaThread "boundedElastic-evictor-1" daemon [_thread_blocked, id=77384, stack(0x0000009981600000,0x0000009981700000)]
  0x000002455a7072e0 JavaThread "C1 CompilerThread1" daemon [_thread_blocked, id=99688, stack(0x0000009981300000,0x0000009981400000)]
  0x000002455a705da0 JavaThread "C2 CompilerThread1" daemon [_thread_blocked, id=99768, stack(0x0000009981400000,0x0000009981500000)]

Other Threads:
  0x000002457a6df5b0 VMThread "VM Thread" [stack: 0x00000099fa600000,0x00000099fa700000] [id=89668]
  0x0000024551b3b870 WatcherThread [stack: 0x00000099fb600000,0x00000099fb700000] [id=70820]
  0x000002455d941ff0 GCTaskThread "GC Thread#0" [stack: 0x00000099fa100000,0x00000099fa200000] [id=72024]
  0x0000024557097c60 GCTaskThread "GC Thread#1" [stack: 0x00000099fbc00000,0x00000099fbd00000] [id=95060]
  0x0000024556100c70 GCTaskThread "GC Thread#2" [stack: 0x00000099fbd00000,0x00000099fbe00000] [id=62912]
  0x0000024556a47de0 GCTaskThread "GC Thread#3" [stack: 0x00000099fbe00000,0x00000099fbf00000] [id=89544]
  0x0000024556a489a0 GCTaskThread "GC Thread#4" [stack: 0x00000099fbf00000,0x00000099fc000000] [id=95708]
  0x0000024556aee540 GCTaskThread "GC Thread#5" [stack: 0x00000099fc000000,0x00000099fc100000] [id=76036]
  0x0000024556aed200 GCTaskThread "GC Thread#6" [stack: 0x00000099fc100000,0x00000099fc200000] [id=101296]
  0x0000024556aedd00 GCTaskThread "GC Thread#7" [stack: 0x00000099fc200000,0x00000099fc300000] [id=97156]
  0x0000024556aecf40 GCTaskThread "GC Thread#8" [stack: 0x00000099fc300000,0x00000099fc400000] [id=81220]
  0x0000024556aee800 GCTaskThread "GC Thread#9" [stack: 0x00000099fc400000,0x00000099fc500000] [id=82516]
  0x0000024556aeeac0 GCTaskThread "GC Thread#10" [stack: 0x00000099fc500000,0x00000099fc600000] [id=101180]
  0x0000024556aedfc0 GCTaskThread "GC Thread#11" [stack: 0x00000099fc600000,0x00000099fc700000] [id=100200]
  0x0000024556aed780 GCTaskThread "GC Thread#12" [stack: 0x00000099fcb00000,0x00000099fcc00000] [id=88544]
  0x0000024556aed4c0 GCTaskThread "GC Thread#13" [stack: 0x00000099fcd00000,0x00000099fce00000] [id=49768]
  0x0000024556aeda40 GCTaskThread "GC Thread#14" [stack: 0x00000099fce00000,0x00000099fcf00000] [id=72108]
  0x0000024556aee280 GCTaskThread "GC Thread#15" [stack: 0x00000099fcf00000,0x00000099fd000000] [id=101312]
  0x00000245577f1410 GCTaskThread "GC Thread#16" [stack: 0x00000099fcc00000,0x00000099fcd00000] [id=99020]
  0x00000245577f0910 GCTaskThread "GC Thread#17" [stack: 0x00000099fd600000,0x00000099fd700000] [id=70700]
  0x00000245577f1150 GCTaskThread "GC Thread#18" [stack: 0x00000099fd700000,0x00000099fd800000] [id=90600]
  0x00000245577f1f10 GCTaskThread "GC Thread#19" [stack: 0x00000099fd800000,0x00000099fd900000] [id=72156]
  0x00000245577f00d0 GCTaskThread "GC Thread#20" [stack: 0x00000099fd900000,0x00000099fda00000] [id=92212]
  0x00000245577f2f90 GCTaskThread "GC Thread#21" [stack: 0x00000099fda00000,0x00000099fdb00000] [id=87476]
  0x00000245577f2a10 GCTaskThread "GC Thread#22" [stack: 0x00000099fdb00000,0x00000099fdc00000] [id=95928]
  0x000002455d952c20 ConcurrentGCThread "G1 Main Marker" [stack: 0x00000099fa200000,0x00000099fa300000] [id=86380]
  0x000002455d954650 ConcurrentGCThread "G1 Conc#0" [stack: 0x00000099fa300000,0x00000099fa400000] [id=88604]
  0x00000245577ef5d0 ConcurrentGCThread "G1 Conc#1" [stack: 0x00000099fd100000,0x00000099fd200000] [id=92028]
  0x00000245577f0bd0 ConcurrentGCThread "G1 Conc#2" [stack: 0x00000099fd200000,0x00000099fd300000] [id=98912]
  0x00000245577ef890 ConcurrentGCThread "G1 Conc#3" [stack: 0x00000099fd300000,0x00000099fd400000] [id=90524]
  0x00000245577f0390 ConcurrentGCThread "G1 Conc#4" [stack: 0x00000099fd400000,0x00000099fd500000] [id=99332]
  0x00000245577efb50 ConcurrentGCThread "G1 Conc#5" [stack: 0x00000099fd500000,0x00000099fd600000] [id=79520]
  0x000002457a66ddb0 ConcurrentGCThread "G1 Refine#0" [stack: 0x00000099fa400000,0x00000099fa500000] [id=95872]
  0x00000245594ae290 ConcurrentGCThread "G1 Refine#1" [stack: 0x0000009980700000,0x0000009980800000] [id=71844]
  0x00000245594afa10 ConcurrentGCThread "G1 Refine#2" [stack: 0x0000009980a00000,0x0000009980b00000] [id=79316]
  0x00000245594ae580 ConcurrentGCThread "G1 Refine#3" [stack: 0x0000009980d00000,0x0000009980e00000] [id=98720]
  0x00000245594af140 ConcurrentGCThread "G1 Refine#4" [stack: 0x0000009981000000,0x0000009981100000] [id=93456]
  0x000002457a6716a0 ConcurrentGCThread "G1 Service" [stack: 0x00000099fa500000,0x00000099fa600000] [id=98796]

Threads with active compile tasks:
C2 CompilerThread0   994805 10381       4       org.springframework.core.MethodIntrospector$$Lambda$544/0x0000024511418000::doWith (17 bytes)

VM state: not at safepoint (normal execution)

VM Mutex/Monitor currently owned by a thread: None

Heap address: 0x0000000605c00000, size: 8100 MB, Compressed Oops mode: Zero based, Oop shift amount: 3

CDS archive(s) mapped at: [0x0000024510000000-0x0000024510bb0000-0x0000024510bb0000), size 12255232, SharedBaseAddress: 0x0000024510000000, ArchiveRelocationMode: 1.
Compressed class space mapped at: 0x0000024511000000-0x0000024551000000, reserved size: 1073741824
Narrow klass base: 0x0000024510000000, Narrow klass shift: 0, Narrow klass range: 0x100000000

GC Precious Log:
 CPUs: 32 total, 32 available
 Memory: 32384M
 Large Page Support: Disabled
 NUMA Support: Disabled
 Compressed Oops: Enabled (Zero based)
 Heap Region Size: 4M
 Heap Min Capacity: 8M
 Heap Initial Capacity: 508M
 Heap Max Capacity: 8100M
 Pre-touch: Disabled
 Parallel Workers: 23
 Concurrent Workers: 6
 Concurrent Refinement Workers: 23
 Periodic GC: Disabled

Heap:
 garbage-first heap   total 233472K, used 115221K [0x0000000605c00000, 0x0000000800000000)
  region size 4096K, 4 young (16384K), 1 survivors (4096K)
 Metaspace       used 80268K, committed 80768K, reserved 1179648K
  class space    used 9685K, committed 9920K, reserved 1048576K

Heap Regions: E=young(eden), S=young(survivor), O=old, HS=humongous(starts), HC=humongous(continues), CS=collection set, F=free, OA=open archive, CA=closed archive, TAMS=top-at-mark-start (previous, next)
|   0|0x0000000605c00000, 0x0000000606000000, 0x0000000606000000|100%| O|  |TAMS 0x0000000606000000, 0x0000000605c00000| Untracked 
|   1|0x0000000606000000, 0x0000000606400000, 0x0000000606400000|100%| O|  |TAMS 0x0000000606400000, 0x0000000606000000| Untracked 
|   2|0x0000000606400000, 0x0000000606800000, 0x0000000606800000|100%| O|  |TAMS 0x0000000606800000, 0x0000000606400000| Untracked 
|   3|0x0000000606800000, 0x0000000606c00000, 0x0000000606c00000|100%| O|  |TAMS 0x0000000606c00000, 0x0000000606800000| Untracked 
|   4|0x0000000606c00000, 0x0000000607000000, 0x0000000607000000|100%| O|  |TAMS 0x0000000606c00000, 0x0000000606c00000| Untracked 
|   5|0x0000000607000000, 0x0000000607400000, 0x0000000607400000|100%| O|  |TAMS 0x0000000607400000, 0x0000000607000000| Untracked 
|   6|0x0000000607400000, 0x0000000607800000, 0x0000000607800000|100%| O|  |TAMS 0x0000000607800000, 0x0000000607400000| Untracked 
|   7|0x0000000607800000, 0x0000000607c00000, 0x0000000607c00000|100%| O|  |TAMS 0x0000000607800000, 0x0000000607800000| Untracked 
|   8|0x0000000607c00000, 0x0000000608000000, 0x0000000608000000|100%| O|  |TAMS 0x0000000607c00000, 0x0000000607c00000| Untracked 
|   9|0x0000000608000000, 0x0000000608400000, 0x0000000608400000|100%| O|  |TAMS 0x0000000608000000, 0x0000000608000000| Untracked 
|  10|0x0000000608400000, 0x0000000608800000, 0x0000000608800000|100%| O|  |TAMS 0x0000000608400000, 0x0000000608400000| Untracked 
|  11|0x0000000608800000, 0x0000000608c00000, 0x0000000608c00000|100%| O|  |TAMS 0x0000000608800000, 0x0000000608800000| Untracked 
|  12|0x0000000608c00000, 0x0000000609000000, 0x0000000609000000|100%| O|  |TAMS 0x0000000608c00000, 0x0000000608c00000| Untracked 
|  13|0x0000000609000000, 0x0000000609400000, 0x0000000609400000|100%| O|  |TAMS 0x0000000609000000, 0x0000000609000000| Untracked 
|  14|0x0000000609400000, 0x0000000609800000, 0x0000000609800000|100%| O|  |TAMS 0x0000000609400000, 0x0000000609400000| Untracked 
|  15|0x0000000609800000, 0x0000000609c00000, 0x0000000609c00000|100%| O|  |TAMS 0x0000000609800000, 0x0000000609800000| Untracked 
|  16|0x0000000609c00000, 0x000000060a000000, 0x000000060a000000|100%| O|  |TAMS 0x0000000609c00000, 0x0000000609c00000| Untracked 
|  17|0x000000060a000000, 0x000000060a400000, 0x000000060a400000|100%| O|  |TAMS 0x000000060a000000, 0x000000060a000000| Untracked 
|  18|0x000000060a400000, 0x000000060a800000, 0x000000060a800000|100%| O|  |TAMS 0x000000060a400000, 0x000000060a400000| Untracked 
|  19|0x000000060a800000, 0x000000060ac00000, 0x000000060ac00000|100%| O|  |TAMS 0x000000060a800000, 0x000000060a800000| Untracked 
|  20|0x000000060ac00000, 0x000000060b000000, 0x000000060b000000|100%| O|  |TAMS 0x000000060ac00000, 0x000000060ac00000| Untracked 
|  21|0x000000060b000000, 0x000000060b400000, 0x000000060b400000|100%| O|  |TAMS 0x000000060b000000, 0x000000060b000000| Untracked 
|  22|0x000000060b400000, 0x000000060b800000, 0x000000060b800000|100%| O|  |TAMS 0x000000060b400000, 0x000000060b400000| Untracked 
|  23|0x000000060b800000, 0x000000060bc00000, 0x000000060bc00000|100%| O|  |TAMS 0x000000060b800000, 0x000000060b800000| Untracked 
|  24|0x000000060bc00000, 0x000000060c000000, 0x000000060c000000|100%| O|  |TAMS 0x000000060bc00000, 0x000000060bc00000| Untracked 
|  25|0x000000060c000000, 0x000000060c0b8600, 0x000000060c400000| 18%| O|  |TAMS 0x000000060c000000, 0x000000060c000000| Untracked 
|  26|0x000000060c400000, 0x000000060c400000, 0x000000060c800000|  0%| F|  |TAMS 0x000000060c400000, 0x000000060c400000| Untracked 
|  27|0x000000060c800000, 0x000000060c800000, 0x000000060cc00000|  0%| F|  |TAMS 0x000000060c800000, 0x000000060c800000| Untracked 
|  28|0x000000060cc00000, 0x000000060cc00000, 0x000000060d000000|  0%| F|  |TAMS 0x000000060cc00000, 0x000000060cc00000| Untracked 
|  29|0x000000060d000000, 0x000000060d000000, 0x000000060d400000|  0%| F|  |TAMS 0x000000060d000000, 0x000000060d000000| Untracked 
|  30|0x000000060d400000, 0x000000060d400000, 0x000000060d800000|  0%| F|  |TAMS 0x000000060d400000, 0x000000060d400000| Untracked 
|  31|0x000000060d800000, 0x000000060d800000, 0x000000060dc00000|  0%| F|  |TAMS 0x000000060d800000, 0x000000060d800000| Untracked 
|  32|0x000000060dc00000, 0x000000060dc00000, 0x000000060e000000|  0%| F|  |TAMS 0x000000060dc00000, 0x000000060dc00000| Untracked 
|  33|0x000000060e000000, 0x000000060e000000, 0x000000060e400000|  0%| F|  |TAMS 0x000000060e000000, 0x000000060e000000| Untracked 
|  34|0x000000060e400000, 0x000000060e400000, 0x000000060e800000|  0%| F|  |TAMS 0x000000060e400000, 0x000000060e400000| Untracked 
|  35|0x000000060e800000, 0x000000060e800000, 0x000000060ec00000|  0%| F|  |TAMS 0x000000060e800000, 0x000000060e800000| Untracked 
|  36|0x000000060ec00000, 0x000000060ec00000, 0x000000060f000000|  0%| F|  |TAMS 0x000000060ec00000, 0x000000060ec00000| Untracked 
|  37|0x000000060f000000, 0x000000060f000000, 0x000000060f400000|  0%| F|  |TAMS 0x000000060f000000, 0x000000060f000000| Untracked 
|  38|0x000000060f400000, 0x000000060f400000, 0x000000060f800000|  0%| F|  |TAMS 0x000000060f400000, 0x000000060f400000| Untracked 
|  39|0x000000060f800000, 0x000000060f800000, 0x000000060fc00000|  0%| F|  |TAMS 0x000000060f800000, 0x000000060f800000| Untracked 
|  40|0x000000060fc00000, 0x000000060fc00000, 0x0000000610000000|  0%| F|  |TAMS 0x000000060fc00000, 0x000000060fc00000| Untracked 
|  41|0x0000000610000000, 0x00000006103cd1f0, 0x0000000610400000| 95%| S|CS|TAMS 0x0000000610000000, 0x0000000610000000| Complete 
|  42|0x0000000610400000, 0x0000000610400000, 0x0000000610800000|  0%| F|  |TAMS 0x0000000610400000, 0x0000000610400000| Untracked 
|  43|0x0000000610800000, 0x0000000610800000, 0x0000000610c00000|  0%| F|  |TAMS 0x0000000610800000, 0x0000000610800000| Untracked 
|  44|0x0000000610c00000, 0x0000000610c00000, 0x0000000611000000|  0%| F|  |TAMS 0x0000000610c00000, 0x0000000610c00000| Untracked 
|  45|0x0000000611000000, 0x0000000611000000, 0x0000000611400000|  0%| F|  |TAMS 0x0000000611000000, 0x0000000611000000| Untracked 
|  46|0x0000000611400000, 0x0000000611400000, 0x0000000611800000|  0%| F|  |TAMS 0x0000000611400000, 0x0000000611400000| Untracked 
|  47|0x0000000611800000, 0x0000000611800000, 0x0000000611c00000|  0%| F|  |TAMS 0x0000000611800000, 0x0000000611800000| Untracked 
|  48|0x0000000611c00000, 0x0000000611c00000, 0x0000000612000000|  0%| F|  |TAMS 0x0000000611c00000, 0x0000000611c00000| Untracked 
|  49|0x0000000612000000, 0x0000000612000000, 0x0000000612400000|  0%| F|  |TAMS 0x0000000612000000, 0x0000000612000000| Untracked 
|  50|0x0000000612400000, 0x0000000612400000, 0x0000000612800000|  0%| F|  |TAMS 0x0000000612400000, 0x0000000612400000| Untracked 
|  51|0x0000000612800000, 0x0000000612800000, 0x0000000612c00000|  0%| F|  |TAMS 0x0000000612800000, 0x0000000612800000| Untracked 
|  52|0x0000000612c00000, 0x0000000612c00000, 0x0000000613000000|  0%| F|  |TAMS 0x0000000612c00000, 0x0000000612c00000| Untracked 
|  69|0x0000000617000000, 0x0000000617000000, 0x0000000617400000|  0%| F|  |TAMS 0x0000000617000000, 0x0000000617000000| Untracked 
|  70|0x0000000617400000, 0x000000061740b938, 0x0000000617800000|  1%| E|  |TAMS 0x0000000617400000, 0x0000000617400000| Complete 
| 124|0x0000000624c00000, 0x0000000624fffff8, 0x0000000625000000| 99%| E|CS|TAMS 0x0000000624c00000, 0x0000000624c00000| Complete 
| 126|0x0000000625400000, 0x0000000625800000, 0x0000000625800000|100%| E|CS|TAMS 0x0000000625400000, 0x0000000625400000| Complete 

Card table byte_map: [0x00000245783f0000,0x00000245793d0000] _byte_map_base: 0x00000245753c2000

Marking Bits (Prev, Next): (CMBitMap*) 0x000002455d942560, (CMBitMap*) 0x000002455d942520
 Prev Bits: [0x0000024507e90000, 0x000002450fd20000)
 Next Bits: [0x0000024500000000, 0x0000024507e90000)

Polling page: 0x000002455d5f0000

Metaspace:

Usage:
  Non-class:     68.93 MB used.
      Class:      9.46 MB used.
       Both:     78.39 MB used.

Virtual space:
  Non-class space:      128.00 MB reserved,      69.19 MB ( 54%) committed,  2 nodes.
      Class space:        1.00 GB reserved,       9.69 MB ( <1%) committed,  1 nodes.
             Both:        1.12 GB reserved,      78.88 MB (  7%) committed. 

Chunk freelists:
   Non-Class:  10.20 MB
       Class:  6.33 MB
        Both:  16.53 MB

MaxMetaspaceSize: unlimited
CompressedClassSpaceSize: 1.00 GB
Initial GC threshold: 21.00 MB
Current GC threshold: 98.44 MB
CDS: on
MetaspaceReclaimPolicy: balanced
 - commit_granule_bytes: 65536.
 - commit_granule_words: 8192.
 - virtual_space_node_default_size: 8388608.
 - enlarge_chunks_in_place: 1.
 - new_chunks_are_fully_committed: 0.
 - uncommit_free_chunks: 1.
 - use_allocation_guard: 0.
 - handle_deallocations: 1.


Internal statistics:

num_allocs_failed_limit: 9.
num_arena_births: 758.
num_arena_deaths: 0.
num_vsnodes_births: 3.
num_vsnodes_deaths: 0.
num_space_committed: 1260.
num_space_uncommitted: 0.
num_chunks_returned_to_freelist: 9.
num_chunks_taken_from_freelist: 3576.
num_chunk_merges: 6.
num_chunk_splits: 2463.
num_chunks_enlarged: 1860.
num_inconsistent_stats: 0.

CodeHeap 'non-profiled nmethods': size=118848Kb used=7549Kb max_used=7549Kb free=111298Kb
 bounds [0x000002456e5b0000, 0x000002456ed10000, 0x00000245759c0000]
CodeHeap 'profiled nmethods': size=118848Kb used=18137Kb max_used=18137Kb free=100710Kb
 bounds [0x00000245669c0000, 0x0000024567b80000, 0x000002456ddd0000]
CodeHeap 'non-nmethods': size=8064Kb used=2046Kb max_used=3657Kb free=6017Kb
 bounds [0x000002456ddd0000, 0x000002456e170000, 0x000002456e5b0000]
 total_blobs=9559 nmethods=8751 adapters=717
 compilation: enabled
              stopped_count=0, restarted_count=0
 full_count=0

Compilation events (20 events):
Event: 994.639 Thread 0x00000245510f4f40 10388       3       org.springframework.asm.ClassReader::accept (1401 bytes)
Event: 994.641 Thread 0x000002455a7072e0 10389       3       org.apache.ibatis.logging.stdout.StdOutImpl::debug (8 bytes)
Event: 994.641 Thread 0x000002455a7072e0 nmethod 10389 0x0000024567b6a790 code [0x0000024567b6a940, 0x0000024567b6ab28]
Event: 994.641 Thread 0x000002455a705da0 10383       4       java.util.LinkedList::node (65 bytes)
Event: 994.642 Thread 0x00000245510f4f40 nmethod 10388 0x0000024567b6ac10 code [0x0000024567b6b7a0, 0x0000024567b72a68]
Event: 994.642 Thread 0x000002455a705da0 nmethod 10383 0x000002456ed0b790 code [0x000002456ed0b920, 0x000002456ed0bab8]
Event: 994.642 Thread 0x000002455a705da0 10387       4       org.springframework.asm.Type::getMethodDescriptor (74 bytes)
Event: 994.643 Thread 0x00000245510f4f40 10390       1       com.fasterxml.jackson.databind.ObjectMapper::getSerializationConfig (5 bytes)
Event: 994.643 Thread 0x00000245510f4f40 nmethod 10390 0x000002456ed0bc10 code [0x000002456ed0bda0, 0x000002456ed0be78]
Event: 994.643 Thread 0x00000245510f4f40 10391       3       io.micrometer.core.instrument.Tag::compareTo (11 bytes)
Event: 994.643 Thread 0x000002455a7072e0 10392       3       io.micrometer.core.instrument.Tag::compareTo (16 bytes)
Event: 994.643 Thread 0x000002455a7072e0 nmethod 10392 0x0000024567b76090 code [0x0000024567b76240, 0x0000024567b76468]
Event: 994.643 Thread 0x00000245510f4f40 nmethod 10391 0x0000024567b76590 code [0x0000024567b76760, 0x0000024567b76ba8]
Event: 994.655 Thread 0x000002455a705da0 nmethod 10387 0x000002456ed0bf10 code [0x000002456ed0c140, 0x000002456ed0d978]
Event: 994.655 Thread 0x000002455a705da0 10382       4       org.springframework.cglib.core.ReflectUtils::getNames (37 bytes)
Event: 994.656 Thread 0x000002455a705da0 nmethod 10382 0x000002456ed0e410 code [0x000002456ed0e5a0, 0x000002456ed0e8a8]
Event: 994.656 Thread 0x000002455a705da0 10385       4       java.util.LinkedList::add (7 bytes)
Event: 994.658 Thread 0x000002455a705da0 nmethod 10385 0x000002456ed0ea10 code [0x000002456ed0eba0, 0x000002456ed0ef38]
Event: 994.658 Thread 0x000002455a705da0 10386       4       java.util.LinkedList::linkLast (59 bytes)
Event: 994.659 Thread 0x000002455a705da0 nmethod 10386 0x000002456ed0f010 code [0x000002456ed0f1a0, 0x000002456ed0f538]

GC Heap History (20 events):
Event: 3.019 GC heap before
{Heap before GC invocations=12 (full 0):
 garbage-first heap   total 81920K, used 30218K [0x0000000605c00000, 0x0000000800000000)
  region size 4096K, 3 young (12288K), 2 survivors (8192K)
 Metaspace       used 40810K, committed 41152K, reserved 1114112K
  class space    used 5381K, committed 5568K, reserved 1048576K
}
Event: 3.027 GC heap after
{Heap after GC invocations=13 (full 0):
 garbage-first heap   total 303104K, used 25791K [0x0000000605c00000, 0x0000000800000000)
  region size 4096K, 1 young (4096K), 1 survivors (4096K)
 Metaspace       used 40810K, committed 41152K, reserved 1114112K
  class space    used 5381K, committed 5568K, reserved 1048576K
}
Event: 5.594 GC heap before
{Heap before GC invocations=13 (full 0):
 garbage-first heap   total 303104K, used 201919K [0x0000000605c00000, 0x0000000800000000)
  region size 4096K, 44 young (180224K), 1 survivors (4096K)
 Metaspace       used 59413K, committed 59776K, reserved 1114112K
  class space    used 7573K, committed 7744K, reserved 1048576K
}
Event: 5.600 GC heap after
{Heap after GC invocations=14 (full 0):
 garbage-first heap   total 303104K, used 35725K [0x0000000605c00000, 0x0000000800000000)
  region size 4096K, 3 young (12288K), 3 survivors (12288K)
 Metaspace       used 59413K, committed 59776K, reserved 1114112K
  class space    used 7573K, committed 7744K, reserved 1048576K
}
Event: 5.783 GC heap before
{Heap before GC invocations=14 (full 0):
 garbage-first heap   total 303104K, used 39821K [0x0000000605c00000, 0x0000000800000000)
  region size 4096K, 5 young (20480K), 3 survivors (12288K)
 Metaspace       used 60029K, committed 60416K, reserved 1114112K
  class space    used 7641K, committed 7872K, reserved 1048576K
}
Event: 5.786 GC heap after
{Heap after GC invocations=15 (full 0):
 garbage-first heap   total 303104K, used 36254K [0x0000000605c00000, 0x0000000800000000)
  region size 4096K, 3 young (12288K), 3 survivors (12288K)
 Metaspace       used 60029K, committed 60416K, reserved 1114112K
  class space    used 7641K, committed 7872K, reserved 1048576K
}
Event: 6.250 GC heap before
{Heap before GC invocations=16 (full 0):
 garbage-first heap   total 151552K, used 114078K [0x0000000605c00000, 0x0000000800000000)
  region size 4096K, 22 young (90112K), 3 survivors (12288K)
 Metaspace       used 61006K, committed 61440K, reserved 1114112K
  class space    used 7743K, committed 7936K, reserved 1048576K
}
Event: 6.254 GC heap after
{Heap after GC invocations=17 (full 0):
 garbage-first heap   total 151552K, used 52283K [0x0000000605c00000, 0x0000000800000000)
  region size 4096K, 3 young (12288K), 3 survivors (12288K)
 Metaspace       used 61006K, committed 61440K, reserved 1114112K
  class space    used 7743K, committed 7936K, reserved 1048576K
}
Event: 6.277 GC heap before
{Heap before GC invocations=17 (full 0):
 garbage-first heap   total 151552K, used 56379K [0x0000000605c00000, 0x0000000800000000)
  region size 4096K, 4 young (16384K), 3 survivors (12288K)
 Metaspace       used 61065K, committed 61440K, reserved 1114112K
  class space    used 7746K, committed 7936K, reserved 1048576K
}
Event: 6.279 GC heap after
{Heap after GC invocations=18 (full 0):
 garbage-first heap   total 151552K, used 49135K [0x0000000605c00000, 0x0000000800000000)
  region size 4096K, 1 young (4096K), 1 survivors (4096K)
 Metaspace       used 61065K, committed 61440K, reserved 1114112K
  class space    used 7746K, committed 7936K, reserved 1048576K
}
Event: 6.344 GC heap before
{Heap before GC invocations=18 (full 0):
 garbage-first heap   total 151552K, used 102383K [0x0000000605c00000, 0x0000000800000000)
  region size 4096K, 15 young (61440K), 1 survivors (4096K)
 Metaspace       used 61108K, committed 61504K, reserved 1114112K
  class space    used 7746K, committed 7936K, reserved 1048576K
}
Event: 6.346 GC heap after
{Heap after GC invocations=19 (full 0):
 garbage-first heap   total 151552K, used 61744K [0x0000000605c00000, 0x0000000800000000)
  region size 4096K, 2 young (8192K), 2 survivors (8192K)
 Metaspace       used 61108K, committed 61504K, reserved 1114112K
  class space    used 7746K, committed 7936K, reserved 1048576K
}
Event: 6.399 GC heap before
{Heap before GC invocations=19 (full 0):
 garbage-first heap   total 151552K, used 102704K [0x0000000605c00000, 0x0000000800000000)
  region size 4096K, 13 young (53248K), 2 survivors (8192K)
 Metaspace       used 61192K, committed 61632K, reserved 1114112K
  class space    used 7746K, committed 7936K, reserved 1048576K
}
Event: 6.402 GC heap after
{Heap after GC invocations=20 (full 0):
 garbage-first heap   total 233472K, used 72578K [0x0000000605c00000, 0x0000000800000000)
  region size 4096K, 2 young (8192K), 2 survivors (8192K)
 Metaspace       used 61192K, committed 61632K, reserved 1114112K
  class space    used 7746K, committed 7936K, reserved 1048576K
}
Event: 6.509 GC heap before
{Heap before GC invocations=20 (full 0):
 garbage-first heap   total 233472K, used 150402K [0x0000000605c00000, 0x0000000800000000)
  region size 4096K, 22 young (90112K), 2 survivors (8192K)
 Metaspace       used 61277K, committed 61696K, reserved 1114112K
  class space    used 7748K, committed 7936K, reserved 1048576K
}
Event: 6.515 GC heap after
{Heap after GC invocations=21 (full 0):
 garbage-first heap   total 233472K, used 91226K [0x0000000605c00000, 0x0000000800000000)
  region size 4096K, 3 young (12288K), 3 survivors (12288K)
 Metaspace       used 61277K, committed 61696K, reserved 1114112K
  class space    used 7748K, committed 7936K, reserved 1048576K
}
Event: 32.541 GC heap before
{Heap before GC invocations=21 (full 0):
 garbage-first heap   total 233472K, used 160858K [0x0000000605c00000, 0x0000000800000000)
  region size 4096K, 20 young (81920K), 3 survivors (12288K)
 Metaspace       used 71199K, committed 71680K, reserved 1114112K
  class space    used 8950K, committed 9216K, reserved 1048576K
}
Event: 32.548 GC heap after
{Heap after GC invocations=22 (full 0):
 garbage-first heap   total 233472K, used 103808K [0x0000000605c00000, 0x0000000800000000)
  region size 4096K, 3 young (12288K), 3 survivors (12288K)
 Metaspace       used 71199K, committed 71680K, reserved 1114112K
  class space    used 8950K, committed 9216K, reserved 1048576K
}
Event: 983.020 GC heap before
{Heap before GC invocations=22 (full 0):
 garbage-first heap   total 233472K, used 161152K [0x0000000605c00000, 0x0000000800000000)
  region size 4096K, 18 young (73728K), 3 survivors (12288K)
 Metaspace       used 79983K, committed 80512K, reserved 1179648K
  class space    used 9671K, committed 9920K, reserved 1048576K
}
Event: 983.023 GC heap after
{Heap after GC invocations=23 (full 0):
 garbage-first heap   total 233472K, used 107029K [0x0000000605c00000, 0x0000000800000000)
  region size 4096K, 1 young (4096K), 1 survivors (4096K)
 Metaspace       used 79983K, committed 80512K, reserved 1179648K
  class space    used 9671K, committed 9920K, reserved 1048576K
}

Dll operation events (17 events):
Event: 0.004 Loaded shared library E:\ideal\jdk17\bin\java.dll
Event: 0.013 Loaded shared library E:\ideal\jdk17\bin\jsvml.dll
Event: 0.062 Loaded shared library E:\ideal\jdk17\bin\zip.dll
Event: 0.064 Loaded shared library E:\ideal\jdk17\bin\instrument.dll
Event: 0.068 Loaded shared library E:\ideal\jdk17\bin\net.dll
Event: 0.068 Loaded shared library E:\ideal\jdk17\bin\nio.dll
Event: 0.070 Loaded shared library E:\ideal\jdk17\bin\zip.dll
Event: 0.105 Loaded shared library E:\ideal\jdk17\bin\jimage.dll
Event: 0.122 Loaded shared library E:\IntelliJ IDEA 2024.3.3\bin\breakgen64.dll
Event: 0.130 Loaded shared library E:\ideal\jdk17\bin\extnet.dll
Event: 0.137 Loaded shared library E:\ideal\jdk17\bin\management.dll
Event: 0.142 Loaded shared library E:\ideal\jdk17\bin\management_ext.dll
Event: 0.143 Loaded shared library E:\ideal\jdk17\bin\verify.dll
Event: 2.677 Loaded shared library E:\ideal\jdk17\bin\sunmscapi.dll
Event: 32.679 Loaded shared library E:\ideal\jdk17\bin\awt.dll
Event: 32.748 Loaded shared library E:\ideal\jdk17\bin\freetype.dll
Event: 32.749 Loaded shared library E:\ideal\jdk17\bin\fontmanager.dll

Deoptimization events (20 events):
Event: 600.429 Thread 0x0000024556947790 DEOPT PACKING pc=0x000002456706f6c4 sp=0x00000099fc9ff6d0
Event: 600.429 Thread 0x0000024556947790 DEOPT UNPACKING pc=0x000002456de27143 sp=0x00000099fc9feb90 mode 0
Event: 912.070 Thread 0x00000245573e2230 Uncommon trap: trap_request=0xffffffbe fr.pc=0x000002456ebbc870 relative=0x0000000000005450
Event: 912.070 Thread 0x00000245573e2230 Uncommon trap: reason=profile_predicate action=maybe_recompile pc=0x000002456ebbc870 method=org.springframework.util.ReflectionUtils.doWithMethods(Ljava/lang/Class;Lorg/springframework/util/ReflectionUtils$MethodCallback;Lorg/springframework/util/Reflecti
Event: 912.070 Thread 0x00000245573e2230 DEOPT PACKING pc=0x000002456ebbc870 sp=0x00000099804fd3e0
Event: 912.070 Thread 0x00000245573e2230 DEOPT UNPACKING pc=0x000002456de269a3 sp=0x00000099804fd370 mode 2
Event: 912.070 Thread 0x00000245573e2230 Uncommon trap: trap_request=0xffffffbe fr.pc=0x000002456ebbc870 relative=0x0000000000005450
Event: 912.070 Thread 0x00000245573e2230 Uncommon trap: reason=profile_predicate action=maybe_recompile pc=0x000002456ebbc870 method=org.springframework.util.ReflectionUtils.doWithMethods(Ljava/lang/Class;Lorg/springframework/util/ReflectionUtils$MethodCallback;Lorg/springframework/util/Reflecti
Event: 912.070 Thread 0x00000245573e2230 DEOPT PACKING pc=0x000002456ebbc870 sp=0x00000099804fd3d0
Event: 912.070 Thread 0x00000245573e2230 DEOPT UNPACKING pc=0x000002456de269a3 sp=0x00000099804fd360 mode 2
Event: 912.109 Thread 0x00000245573e2230 Uncommon trap: trap_request=0xffffff45 fr.pc=0x000002456eae8de4 relative=0x00000000000006c4
Event: 912.109 Thread 0x00000245573e2230 Uncommon trap: reason=unstable_if action=reinterpret pc=0x000002456eae8de4 method=java.util.EnumSet.noneOf(Ljava/lang/Class;)Ljava/util/EnumSet; @ 40 c2
Event: 912.109 Thread 0x00000245573e2230 DEOPT PACKING pc=0x000002456eae8de4 sp=0x00000099804fb550
Event: 912.109 Thread 0x00000245573e2230 DEOPT UNPACKING pc=0x000002456de269a3 sp=0x00000099804fb530 mode 2
Event: 912.128 Thread 0x00000245573e2230 Uncommon trap: trap_request=0xffffff45 fr.pc=0x000002456e5e6f80 relative=0x0000000000000240
Event: 912.128 Thread 0x00000245573e2230 Uncommon trap: reason=unstable_if action=reinterpret pc=0x000002456e5e6f80 method=java.util.HashMap.getNode(Ljava/lang/Object;)Ljava/util/HashMap$Node; @ 131 c2
Event: 912.128 Thread 0x00000245573e2230 DEOPT PACKING pc=0x000002456e5e6f80 sp=0x00000099804fc610
Event: 912.128 Thread 0x00000245573e2230 DEOPT UNPACKING pc=0x000002456de269a3 sp=0x00000099804fc540 mode 2
Event: 994.556 Thread 0x00000245573e2230 DEOPT PACKING pc=0x0000024566e9dba0 sp=0x00000099804fceb0
Event: 994.556 Thread 0x00000245573e2230 DEOPT UNPACKING pc=0x000002456de27143 sp=0x00000099804fc308 mode 0

Classes loaded (20 events):
Event: 380.258 Loading class javax/crypto/MacSpi
Event: 380.258 Loading class javax/crypto/MacSpi done
Event: 380.258 Loading class com/sun/crypto/provider/HmacCore done
Event: 380.258 Loading class com/sun/crypto/provider/HmacCore$HmacSHA256 done
Event: 380.294 Loading class java/util/ArrayList$SubList$1
Event: 380.294 Loading class java/util/ArrayList$SubList$1 done
Event: 380.295 Loading class java/lang/ObjectCustomizer
Event: 380.295 Loading class java/lang/ObjectCustomizer done
Event: 380.295 Loading class java/lang/ObjectCustomizer
Event: 380.295 Loading class java/lang/ObjectCustomizer done
Event: 912.071 Loading class java/lang/ObjectCustomizer
Event: 912.071 Loading class java/lang/ObjectCustomizer done
Event: 912.072 Loading class java/lang/ObjectCustomizer
Event: 912.072 Loading class java/lang/ObjectCustomizer done
Event: 912.109 Loading class java/util/JumboEnumSet
Event: 912.109 Loading class java/util/JumboEnumSet done
Event: 912.111 Loading class java/util/JumboEnumSet$EnumSetIterator
Event: 912.111 Loading class java/util/JumboEnumSet$EnumSetIterator done
Event: 926.615 Loading class jdk/internal/ValueBased
Event: 926.615 Loading class jdk/internal/ValueBased done

Classes unloaded (0 events):
No events

Classes redefined (0 events):
No events

Internal exceptions (20 events):
Event: 32.538 Thread 0x00000245573e4fc0 Exception <a 'java/lang/ClassNotFoundException'{0x000000060ffb20d8}: java/util/MapCustomizer> (0x000000060ffb20d8) 
thrown [s\src\hotspot\share\classfile\systemDictionary.cpp, line 256]
Event: 32.657 Thread 0x00000245573e4fc0 Exception <a 'java/lang/NoSuchMethodError'{0x0000000624f11b70}: 'void java.lang.invoke.DirectMethodHandle$Holder.invokeSpecial(java.lang.Object, java.lang.Object, java.lang.Object, java.lang.Object, java.lang.Object, java.lang.Object, java.lang.Object, java.lang.Object)'> (0x0000000624f11b70) 
thrown [s\src\hotspot\share\interpreter\linkResolver.cpp, line 759]
Event: 32.657 Thread 0x00000245573e4fc0 Exception <a 'java/lang/NoSuchMethodError'{0x0000000624f1c620}: 'java.lang.Object java.lang.invoke.DirectMethodHandle$Holder.newInvokeSpecial(java.lang.Object, java.lang.Object, java.lang.Object, java.lang.Object, java.lang.Object, java.lang.Object, java.lang.Object)'> (0x0000000624f1c620) 
thrown [s\src\hotspot\share\interpreter\linkResolver.cpp, line 759]
Event: 32.657 Thread 0x00000245573e4fc0 Exception <a 'java/lang/NoSuchMethodError'{0x0000000624f20af8}: 'java.lang.Object java.lang.invoke.Invokers$Holder.linkToTargetMethod(java.lang.Object, java.lang.Object, java.lang.Object, java.lang.Object, java.lang.Object, java.lang.Object, java.lang.Object)'> (0x0000000624f20af8) 
thrown [s\src\hotspot\share\interpreter\linkResolver.cpp, line 759]
Event: 32.675 Thread 0x00000245573e59e0 Exception <a 'java/lang/ClassNotFoundException'{0x0000000624f77650}: sun/awt/resources/spi/awtProvider> (0x0000000624f77650) 
thrown [s\src\hotspot\share\classfile\systemDictionary.cpp, line 256]
Event: 32.680 Thread 0x00000245573e59e0 Exception <a 'java/io/FileNotFoundException'{0x0000000624f833f8}> (0x0000000624f833f8) 
thrown [s\src\hotspot\share\prims\jni.cpp, line 516]
Event: 32.681 Thread 0x00000245573e59e0 Exception <a 'java/io/FileNotFoundException'{0x0000000624f84fa8}> (0x0000000624f84fa8) 
thrown [s\src\hotspot\share\prims\jni.cpp, line 516]
Event: 32.760 Thread 0x00000245573e59e0 Exception <a 'java/io/FileNotFoundException'{0x000000061743a7b8}> (0x000000061743a7b8) 
thrown [s\src\hotspot\share\prims\jni.cpp, line 516]
Event: 269.056 Thread 0x000002455a0a00c0 Implicit null exception at 0x000002456e89d81e to 0x000002456e89ec9c
Event: 346.177 Thread 0x000002455608ada0 Exception <a 'sun/net/ConnectionResetException'{0x000000061252dc28}: Connection reset> (0x000000061252dc28) 
thrown [s\src\hotspot\share\prims\jni.cpp, line 535]
Event: 346.180 Thread 0x0000024556089960 Exception <a 'sun/net/ConnectionResetException'{0x000000061253a648}: Connection reset> (0x000000061253a648) 
thrown [s\src\hotspot\share\prims\jni.cpp, line 535]
Event: 380.256 Thread 0x000002455a09fbb0 Exception <a 'sun/nio/fs/WindowsException'{0x00000006121f1e20}> (0x00000006121f1e20) 
thrown [s\src\hotspot\share\prims\jni.cpp, line 516]
Event: 380.295 Thread 0x00000245573e59e0 Exception <a 'java/lang/ClassNotFoundException'{0x0000000612267d18}: java/lang/ObjectCustomizer> (0x0000000612267d18) 
thrown [s\src\hotspot\share\classfile\systemDictionary.cpp, line 256]
Event: 380.296 Thread 0x00000245573e59e0 Exception <a 'java/lang/ClassNotFoundException'{0x0000000612272010}: com/example/fishing/dto/LoginDTOCustomizer> (0x0000000612272010) 
thrown [s\src\hotspot\share\classfile\systemDictionary.cpp, line 256]
Event: 380.303 Thread 0x00000245573e2230 Exception <a 'sun/net/ConnectionResetException'{0x00000006124b7c10}: Connection reset> (0x00000006124b7c10) 
thrown [s\src\hotspot\share\prims\jni.cpp, line 535]
Event: 540.097 Thread 0x000002455a0a05d0 Exception <a 'sun/net/ConnectionResetException'{0x0000000612644038}: Connection reset> (0x0000000612644038) 
thrown [s\src\hotspot\share\prims\jni.cpp, line 535]
Event: 912.072 Thread 0x00000245573e2230 Exception <a 'java/lang/ClassNotFoundException'{0x00000006113f78b0}: java/lang/ObjectCustomizer> (0x00000006113f78b0) 
thrown [s\src\hotspot\share\classfile\systemDictionary.cpp, line 256]
Event: 912.072 Thread 0x00000245573e2230 Exception <a 'java/lang/ClassNotFoundException'{0x0000000610c01dc8}: com/example/fishing/dto/ShopProductQueryCustomizer> (0x0000000610c01dc8) 
thrown [s\src\hotspot\share\classfile\systemDictionary.cpp, line 256]
Event: 912.078 Thread 0x00000245573e2230 Exception <a 'java/lang/NoSuchMethodError'{0x0000000610ee3588}: 'java.lang.Object java.lang.invoke.DirectMethodHandle$Holder.newInvokeSpecial(java.lang.Object, java.lang.Object, java.lang.Object, int)'> (0x0000000610ee3588) 
thrown [s\src\hotspot\share\interpreter\linkResolver.cpp, line 759]
Event: 912.079 Thread 0x00000245573e2230 Exception <a 'java/lang/NoSuchMethodError'{0x0000000610ee76e8}: 'java.lang.Object java.lang.invoke.Invokers$Holder.linkToTargetMethod(java.lang.Object, java.lang.Object, int, java.lang.Object)'> (0x0000000610ee76e8) 
thrown [s\src\hotspot\share\interpreter\linkResolver.cpp, line 759]

VM Operations (20 events):
Event: 926.953 Executing VM operation: Cleanup
Event: 926.953 Executing VM operation: Cleanup done
Event: 928.961 Executing VM operation: Cleanup
Event: 928.961 Executing VM operation: Cleanup done
Event: 930.986 Executing VM operation: Cleanup
Event: 930.986 Executing VM operation: Cleanup done
Event: 935.025 Executing VM operation: Cleanup
Event: 935.025 Executing VM operation: Cleanup done
Event: 942.095 Executing VM operation: Cleanup
Event: 942.095 Executing VM operation: Cleanup done
Event: 962.291 Executing VM operation: HandshakeAllThreads
Event: 962.291 Executing VM operation: HandshakeAllThreads done
Event: 968.320 Executing VM operation: Cleanup
Event: 968.320 Executing VM operation: Cleanup done
Event: 983.020 Executing VM operation: G1CollectForAllocation
Event: 983.024 Executing VM operation: G1CollectForAllocation done
Event: 984.026 Executing VM operation: Cleanup
Event: 984.026 Executing VM operation: Cleanup done
Event: 994.147 Executing VM operation: Cleanup
Event: 994.147 Executing VM operation: Cleanup done

Memory protections (0 events):
No events

Nmethod flushes (20 events):
Event: 912.112 Thread 0x00000245510f5850 flushing  nmethod 0x0000024566a3c310
Event: 912.113 Thread 0x00000245510f5850 flushing  nmethod 0x0000024566afaa10
Event: 912.113 Thread 0x00000245510f5850 flushing  nmethod 0x0000024566afce90
Event: 912.113 Thread 0x00000245510f5850 flushing  nmethod 0x0000024566d00c90
Event: 912.113 Thread 0x00000245510f5850 flushing  nmethod 0x0000024566d0fe10
Event: 912.114 Thread 0x00000245510f5850 flushing  nmethod 0x0000024566e12790
Event: 912.114 Thread 0x00000245510f5850 flushing  nmethod 0x0000024566e51f10
Event: 912.114 Thread 0x00000245510f5850 flushing  nmethod 0x0000024566e52390
Event: 912.114 Thread 0x00000245510f5850 flushing  nmethod 0x0000024566e7de10
Event: 912.114 Thread 0x00000245510f5850 flushing  nmethod 0x0000024566f28190
Event: 912.115 Thread 0x00000245510f5850 flushing  nmethod 0x0000024566f60d90
Event: 912.115 Thread 0x00000245510f5850 flushing  nmethod 0x0000024566fa2210
Event: 912.115 Thread 0x00000245510f5850 flushing  nmethod 0x0000024566fe3c90
Event: 912.115 Thread 0x00000245510f5850 flushing  nmethod 0x00000245670f6b90
Event: 912.116 Thread 0x00000245510f5850 flushing  nmethod 0x0000024567267590
Event: 912.117 Thread 0x00000245510f5850 flushing  nmethod 0x0000024567333c10
Event: 912.117 Thread 0x00000245510f5850 flushing  nmethod 0x00000245673af690
Event: 912.121 Thread 0x00000245510f5850 flushing  nmethod 0x00000245677ceb90
Event: 912.121 Thread 0x00000245510f5850 flushing  nmethod 0x000002456785cd90
Event: 912.121 Thread 0x00000245510f5850 flushing  nmethod 0x00000245678fa890

Events (20 events):
Event: 926.614 Thread 0x00000245510f4f40 Thread added: 0x000002455a7072e0
Event: 926.622 Thread 0x000002455a7072e0 Thread added: 0x000002455a705da0
Event: 926.624 Thread 0x00000245510f4f40 Thread added: 0x000002455a7062f0
Event: 926.624 Thread 0x00000245510f4f40 Thread added: 0x000002455a70a2b0
Event: 926.943 Thread 0x000002455a70a2b0 Thread exited: 0x000002455a70a2b0
Event: 926.946 Thread 0x000002455608ada0 Thread added: 0x000002457f845620
Event: 926.947 Thread 0x000002457f845620 Thread exited: 0x000002457f845620
Event: 928.178 Thread 0x000002455a705da0 Thread exited: 0x000002455a705da0
Event: 928.178 Thread 0x000002455a7062f0 Thread exited: 0x000002455a7062f0
Event: 928.221 Thread 0x000002455a7072e0 Thread exited: 0x000002455a7072e0
Event: 930.674 Thread 0x00000245510f4f40 Thread added: 0x000002455a705da0
Event: 940.743 Thread 0x000002455a705da0 Thread exited: 0x000002455a705da0
Event: 982.620 Thread 0x00000245510f4f40 Thread added: 0x000002455a706840
Event: 982.620 Thread 0x00000245510f4f40 Thread added: 0x000002455a7072e0
Event: 982.624 Thread 0x00000245510f4f40 Thread added: 0x000002455a707830
Event: 983.016 Thread 0x000002455a707830 Thread exited: 0x000002455a707830
Event: 988.031 Thread 0x000002455a706840 Thread exited: 0x000002455a706840
Event: 988.031 Thread 0x000002455a7072e0 Thread exited: 0x000002455a7072e0
Event: 993.923 Thread 0x00000245510f4f40 Thread added: 0x000002455a7072e0
Event: 994.641 Thread 0x000002455a7072e0 Thread added: 0x000002455a705da0


Dynamic libraries:
0x00007ff6acae0000 - 0x00007ff6acaee000 	E:\ideal\jdk17\bin\java.exe
0x00007ffcc6d00000 - 0x00007ffcc6f66000 	C:\Windows\SYSTEM32\ntdll.dll
0x00007ffcc5470000 - 0x00007ffcc5539000 	C:\Windows\System32\KERNEL32.DLL
0x00007ffcc4340000 - 0x00007ffcc473e000 	C:\Windows\System32\KERNELBASE.dll
0x00007ffcc48d0000 - 0x00007ffcc4a1c000 	C:\Windows\System32\ucrtbase.dll
0x00007ffcbbf20000 - 0x00007ffcbbf3e000 	E:\ideal\jdk17\bin\VCRUNTIME140.dll
0x00007ffcbfc80000 - 0x00007ffcbfc98000 	E:\ideal\jdk17\bin\jli.dll
0x00007ffcc5a60000 - 0x00007ffcc5c27000 	C:\Windows\System32\USER32.dll
0x00007ffcc48a0000 - 0x00007ffcc48c7000 	C:\Windows\System32\win32u.dll
0x00007ffca1580000 - 0x00007ffca1812000 	C:\Windows\WinSxS\amd64_microsoft.windows.common-controls_6595b64144ccf1df_6.0.26100.8875_none_3e0d5d42e32fe9dd\COMCTL32.dll
0x00007ffcc67f0000 - 0x00007ffcc681b000 	C:\Windows\System32\GDI32.dll
0x00007ffcc6c10000 - 0x00007ffcc6cb9000 	C:\Windows\System32\msvcrt.dll
0x00007ffcc4160000 - 0x00007ffcc428a000 	C:\Windows\System32\gdi32full.dll
0x00007ffcc4290000 - 0x00007ffcc4333000 	C:\Windows\System32\msvcp_win.dll
0x00007ffcc68d0000 - 0x00007ffcc6902000 	C:\Windows\System32\IMM32.DLL
0x00007ffcb4640000 - 0x00007ffcb464c000 	E:\ideal\jdk17\bin\vcruntime140_1.dll
0x00007ffc82e10000 - 0x00007ffc82e99000 	E:\ideal\jdk17\bin\msvcp140.dll
0x00007ffbce390000 - 0x00007ffbcf00a000 	E:\ideal\jdk17\bin\server\jvm.dll
0x00007ffcc6730000 - 0x00007ffcc67e7000 	C:\Windows\System32\ADVAPI32.dll
0x00007ffcc6a10000 - 0x00007ffcc6aba000 	C:\Windows\System32\sechost.dll
0x00007ffcc6ac0000 - 0x00007ffcc6bd8000 	C:\Windows\System32\RPCRT4.dll
0x00007ffcc6830000 - 0x00007ffcc68b0000 	C:\Windows\System32\WS2_32.dll
0x00007ffcb3bc0000 - 0x00007ffcb3bf6000 	C:\Windows\SYSTEM32\WINMM.dll
0x00007ffcc3bc0000 - 0x00007ffcc3c1e000 	C:\Windows\SYSTEM32\POWRPROF.dll
0x00007ffcbb130000 - 0x00007ffcbb13b000 	C:\Windows\SYSTEM32\VERSION.dll
0x00007ffcc3ba0000 - 0x00007ffcc3bb4000 	C:\Windows\SYSTEM32\UMPDC.dll
0x00007ffcc2bf0000 - 0x00007ffcc2c0b000 	C:\Windows\SYSTEM32\kernel.appcore.dll
0x00007ffcb4630000 - 0x00007ffcb463a000 	E:\ideal\jdk17\bin\jimage.dll
0x00007ffcc0e80000 - 0x00007ffcc10c2000 	C:\Windows\SYSTEM32\DBGHELP.DLL
0x00007ffcc4fc0000 - 0x00007ffcc5343000 	C:\Windows\System32\combase.dll
0x00007ffcc5e20000 - 0x00007ffcc5ef9000 	C:\Windows\System32\OLEAUT32.dll
0x00007ffc98290000 - 0x00007ffc982cb000 	C:\Windows\SYSTEM32\dbgcore.DLL
0x00007ffcc3f20000 - 0x00007ffcc3fcc000 	C:\Windows\System32\bcryptPrimitives.dll
0x00007ffcb4620000 - 0x00007ffcb462f000 	E:\ideal\jdk17\bin\instrument.dll
0x00007ffcb2ee0000 - 0x00007ffcb2f06000 	E:\ideal\jdk17\bin\java.dll
0x00007ffc744e0000 - 0x00007ffc745b6000 	E:\ideal\jdk17\bin\jsvml.dll
0x00007ffcc5f20000 - 0x00007ffcc66b2000 	C:\Windows\System32\SHELL32.dll
0x00007ffcc1990000 - 0x00007ffcc2222000 	C:\Windows\SYSTEM32\windows.storage.dll
0x00007ffcc6910000 - 0x00007ffcc6a07000 	C:\Windows\System32\SHCORE.dll
0x00007ffcc66c0000 - 0x00007ffcc6727000 	C:\Windows\System32\shlwapi.dll
0x00007ffcc3e40000 - 0x00007ffcc3e69000 	C:\Windows\SYSTEM32\profapi.dll
0x00007ffc9e450000 - 0x00007ffc9e468000 	E:\ideal\jdk17\bin\zip.dll
0x00007ffcab460000 - 0x00007ffcab47b000 	E:\ideal\jdk17\bin\net.dll
0x00007ffcbdf90000 - 0x00007ffcbe0b7000 	C:\Windows\SYSTEM32\WINHTTP.dll
0x00007ffcc31a0000 - 0x00007ffcc320c000 	C:\Windows\system32\mswsock.dll
0x00007ffca5200000 - 0x00007ffca5216000 	E:\ideal\jdk17\bin\nio.dll
0x00007ffc89cd0000 - 0x00007ffc89cea000 	E:\IntelliJ IDEA 2024.3.3\bin\breakgen64.dll
0x00007ffcc2710000 - 0x00007ffcc2866000 	C:\Windows\SYSTEM32\DNSAPI.dll
0x00007ffcc2fa0000 - 0x00007ffcc2fad000 	C:\Windows\SYSTEM32\DSPARSE.dll
0x00007ffcc2630000 - 0x00007ffcc2663000 	C:\Windows\SYSTEM32\IPHLPAPI.DLL
0x00007ffcc6820000 - 0x00007ffcc682a000 	C:\Windows\System32\NSI.dll
0x00007ffcb2790000 - 0x00007ffcb2799000 	E:\ideal\jdk17\bin\extnet.dll
0x00007ffcbd5b0000 - 0x00007ffcbd5bb000 	C:\Windows\System32\rasadhlp.dll
0x00007ffcbed10000 - 0x00007ffcbed96000 	C:\Windows\System32\fwpuclnt.dll
0x00007ffcb1750000 - 0x00007ffcb175a000 	E:\ideal\jdk17\bin\management.dll
0x00007ffcb15d0000 - 0x00007ffcb15dc000 	E:\ideal\jdk17\bin\management_ext.dll
0x00007ffcc68c0000 - 0x00007ffcc68c8000 	C:\Windows\System32\PSAPI.DLL
0x00007ffcab530000 - 0x00007ffcab540000 	E:\ideal\jdk17\bin\verify.dll
0x00007ffcc34a0000 - 0x00007ffcc34bb000 	C:\Windows\SYSTEM32\CRYPTSP.dll
0x00007ffcc2b50000 - 0x00007ffcc2b89000 	C:\Windows\system32\rsaenh.dll
0x00007ffcc3260000 - 0x00007ffcc3292000 	C:\Windows\SYSTEM32\USERENV.dll
0x00007ffcc3e10000 - 0x00007ffcc3e3a000 	C:\Windows\SYSTEM32\bcrypt.dll
0x00007ffcc34c0000 - 0x00007ffcc34cc000 	C:\Windows\SYSTEM32\CRYPTBASE.dll
0x00007ffcbe260000 - 0x00007ffcbe27d000 	C:\Windows\SYSTEM32\dhcpcsvc6.DLL
0x00007ffcbe230000 - 0x00007ffcbe255000 	C:\Windows\SYSTEM32\dhcpcsvc.DLL
0x00007ffcadcc0000 - 0x00007ffcadcd8000 	C:\Windows\system32\napinsp.dll
0x00007ffcadc70000 - 0x00007ffcadc83000 	C:\Windows\System32\winrnr.dll
0x00007ffcadc40000 - 0x00007ffcadc62000 	C:\Windows\system32\nlansp_c.dll
0x00007ffcab900000 - 0x00007ffcab916000 	C:\Windows\system32\wshbth.dll
0x00007ffca2120000 - 0x00007ffca2178000 	C:\Windows\SYSTEM32\pdh.dll
0x00007ffcbbf40000 - 0x00007ffcbbf52000 	C:\Windows\System32\perfproc.dll
0x00007ffc98bb0000 - 0x00007ffc98bbe000 	E:\ideal\jdk17\bin\sunmscapi.dll
0x00007ffcc3fe0000 - 0x00007ffcc4158000 	C:\Windows\System32\CRYPT32.dll
0x00007ffcc36e0000 - 0x00007ffcc3710000 	C:\Windows\SYSTEM32\ncrypt.dll
0x00007ffcc3690000 - 0x00007ffcc36cf000 	C:\Windows\SYSTEM32\NTASN1.dll
0x00007ffcaeec0000 - 0x00007ffcaeec8000 	C:\Windows\system32\wshunix.dll
0x00007ffc482c0000 - 0x00007ffc48456000 	E:\ideal\jdk17\bin\awt.dll
0x00007ffcbfe20000 - 0x00007ffcbfec0000 	C:\Windows\SYSTEM32\apphelp.dll
0x00007ffcc0c30000 - 0x00007ffcc0c5f000 	C:\Windows\system32\DWMAPI.DLL
0x00007ffcc00c0000 - 0x00007ffcc0169000 	C:\Windows\system32\uxtheme.dll
0x00007ffc46220000 - 0x00007ffc462a7000 	E:\ideal\jdk17\bin\freetype.dll
0x00007ffc46050000 - 0x00007ffc4613b000 	E:\ideal\jdk17\bin\fontmanager.dll
0x00007ffcc4a30000 - 0x00007ffcc4b8d000 	C:\Windows\System32\MSCTF.dll
0x00007ffcc5c30000 - 0x00007ffcc5dc9000 	C:\Windows\System32\ole32.dll

dbghelp: loaded successfully - version: 4.0.5 - missing functions: none
symbol engine: initialized successfully - sym options: 0x614 - pdb path: .;E:\ideal\jdk17\bin;C:\Windows\SYSTEM32;C:\Windows\WinSxS\amd64_microsoft.windows.common-controls_6595b64144ccf1df_6.0.26100.8875_none_3e0d5d42e32fe9dd;E:\ideal\jdk17\bin\server;E:\IntelliJ IDEA 2024.3.3\bin

VM Arguments:
jvm_args: -javaagent:E:\IntelliJ IDEA 2024.3.3\lib\idea_rt.jar=57672:E:\IntelliJ IDEA 2024.3.3\bin -Dfile.encoding=UTF-8 
java_command: com.example.fishing.FishingReservationApplication
java_class_path (initial): C:\Users\ASUS\Desktop\工作项目\钓鱼\target\classes;E:\ideal\workspace\maven-repository\org\springframework\boot\spring-boot-starter-web\2.7.18\spring-boot-starter-web-2.7.18.jar;E:\ideal\workspace\maven-repository\org\springframework\boot\spring-boot-starter\2.7.18\spring-boot-starter-2.7.18.jar;E:\ideal\workspace\maven-repository\org\springframework\boot\spring-boot\2.7.18\spring-boot-2.7.18.jar;E:\ideal\workspace\maven-repository\org\springframework\boot\spring-boot-starter-logging\2.7.18\spring-boot-starter-logging-2.7.18.jar;E:\ideal\workspace\maven-repository\ch\qos\logback\logback-classic\1.2.12\logback-classic-1.2.12.jar;E:\ideal\workspace\maven-repository\ch\qos\logback\logback-core\1.2.12\logback-core-1.2.12.jar;E:\ideal\workspace\maven-repository\org\apache\logging\log4j\log4j-to-slf4j\2.17.2\log4j-to-slf4j-2.17.2.jar;E:\ideal\workspace\maven-repository\org\apache\logging\log4j\log4j-api\2.17.2\log4j-api-2.17.2.jar;E:\ideal\workspace\maven-repository\org\slf4j\jul-to-slf4j\1.7.36\jul-to-slf4j-1.7.36.jar;E:\ideal\workspace\maven-repository\jakarta\annotation\jakarta.annotation-api\1.3.5\jakarta.annotation-api-1.3.5.jar;E:\ideal\workspace\maven-repository\org\yaml\snakeyaml\1.30\snakeyaml-1.30.jar;E:\ideal\workspace\maven-repository\org\springframework\boot\spring-boot-starter-json\2.7.18\spring-boot-starter-json-2.7.18.jar;E:\ideal\workspace\maven-repository\com\fasterxml\jackson\datatype\jackson-datatype-jdk8\2.13.5\jackson-datatype-jdk8-2.13.5.jar;E:\ideal\workspace\maven-repository\com\fasterxml\jackson\datatype\jackson-datatype-jsr310\2.13.5\jackson-datatype-jsr310-2.13.5.jar;E:\ideal\workspace\maven-repository\com\fasterxml\jackson\module\jackson-module-parameter-names\2.13.5\jackson-module-parameter-names-2.13.5.jar;E:\ideal\workspace\maven-repository\org\springframework\boot\spring-boot-starter-tomcat\2.7.18\spring-boot-starter-tomcat-2.7.18.jar;E:\ideal\workspace\maven-repository\org\apache\tomcat\embed\tomcat-embed-core
Launcher Type: SUN_STANDARD

[Global flags]
     intx CICompilerCount                          = 15                                        {product} {ergonomic}
     uint ConcGCThreads                            = 6                                         {product} {ergonomic}
     uint G1ConcRefinementThreads                  = 23                                        {product} {ergonomic}
   size_t G1HeapRegionSize                         = 4194304                                   {product} {ergonomic}
    uintx GCDrainStackTargetSize                   = 64                                        {product} {ergonomic}
   size_t InitialHeapSize                          = 532676608                                 {product} {ergonomic}
   size_t MarkStackSize                            = 4194304                                   {product} {ergonomic}
   size_t MaxHeapSize                              = 8493465600                                {product} {ergonomic}
   size_t MaxNewSize                               = 5096079360                                {product} {ergonomic}
   size_t MinHeapDeltaBytes                        = 4194304                                   {product} {ergonomic}
   size_t MinHeapSize                              = 8388608                                   {product} {ergonomic}
    uintx NonNMethodCodeHeapSize                   = 8192380                                {pd product} {ergonomic}
    uintx NonProfiledCodeHeapSize                  = 121732930                              {pd product} {ergonomic}
    uintx ProfiledCodeHeapSize                     = 121732930                              {pd product} {ergonomic}
    uintx ReservedCodeCacheSize                    = 251658240                              {pd product} {ergonomic}
     bool SegmentedCodeCache                       = true                                      {product} {ergonomic}
   size_t SoftMaxHeapSize                          = 8493465600                             {manageable} {ergonomic}
     bool UseCompressedClassPointers               = true                           {product lp64_product} {ergonomic}
     bool UseCompressedOops                        = true                           {product lp64_product} {ergonomic}
     bool UseG1GC                                  = true                                      {product} {ergonomic}
     bool UseLargePagesIndividualAllocation        = false                                  {pd product} {ergonomic}

Logging:
Log output configuration:
 #0: stdout all=warning uptime,level,tags
 #1: stderr all=off uptime,level,tags

Environment Variables:
PATH=C:\Windows\system32;C:\Windows;C:\Windows\System32\Wbem;C:\Windows\System32\WindowsPowerShell\v1.0\;C:\Windows\System32\OpenSSH\;C:\Program Files (x86)\NVIDIA Corporation\PhysX\Common;C:\Program Files\NVIDIA Corporation\NVIDIA app\NvDLISR;C:\Program Files\dotnet\;E:\nvm;D:\QQ\nvm-setup\nodejs;C:\Program Files\Docker\Docker\resources\bin;E:\redis\;E:\Git\cmd;E:\Go\bin;e:\Trae CN\bin;C:\Users\ASUS\AppData\Local\Microsoft\WindowsApps;C:\Users\ASUS\.dotnet\tools;C:\Windows\System32\Wbem;E:\Microsoft VS Code\bin;C:\Users\ASUS\AppData\Roaming\npm;E:\nvm;D:\QQ\nvm-setup\nodejs;E:\PyCharm Community Edition 2023.3.3\bin;;C:\Users\ASUS\go\bin
USERNAME=ASUS
OS=Windows_NT
PROCESSOR_IDENTIFIER=Intel64 Family 6 Model 183 Stepping 1, GenuineIntel
TMP=C:\Users\ASUS\AppData\Local\Temp
TEMP=C:\Users\ASUS\AppData\Local\Temp



Periodic native trim disabled


---------------  S Y S T E M  ---------------

OS:
 Windows 11 , 64 bit Build 26100 (10.0.26100.8875)
OS uptime: 1 days 21:54 hours
Hyper-V role detected

CPU: total 32 (initial active 32) (16 cores per cpu, 2 threads per core) family 6 model 183 stepping 1 microcode 0x12b, cx8, cmov, fxsr, ht, mmx, 3dnowpref, sse, sse2, sse3, ssse3, sse4.1, sse4.2, popcnt, lzcnt, tsc, tscinvbit, avx, avx2, aes, erms, clmul, bmi1, bmi2, adx, sha, fma, vzeroupper, clflush, clflushopt, clwb, hv
Processor Information for processor 0
  Max Mhz: 2200, Current Mhz: 1466, Mhz Limit: 2200
Processor Information for processor 1
  Max Mhz: 2200, Current Mhz: 2200, Mhz Limit: 2200
Processor Information for processor 2
  Max Mhz: 2200, Current Mhz: 2200, Mhz Limit: 2200
Processor Information for processor 3
  Max Mhz: 2200, Current Mhz: 2200, Mhz Limit: 2200
Processor Information for processor 4
  Max Mhz: 2200, Current Mhz: 2200, Mhz Limit: 2200
Processor Information for processor 5
  Max Mhz: 2200, Current Mhz: 1466, Mhz Limit: 2200
Processor Information for processor 6
  Max Mhz: 2200, Current Mhz: 2200, Mhz Limit: 2200
Processor Information for processor 7
  Max Mhz: 2200, Current Mhz: 1466, Mhz Limit: 2200
Processor Information for processor 8
  Max Mhz: 2200, Current Mhz: 1466, Mhz Limit: 2200
Processor Information for processor 9
  Max Mhz: 2200, Current Mhz: 2200, Mhz Limit: 2200
Processor Information for processor 10
  Max Mhz: 2200, Current Mhz: 2200, Mhz Limit: 2200
Processor Information for processor 11
  Max Mhz: 2200, Current Mhz: 1466, Mhz Limit: 2200
Processor Information for processor 12
  Max Mhz: 2200, Current Mhz: 2200, Mhz Limit: 2200
Processor Information for processor 13
  Max Mhz: 2200, Current Mhz: 2200, Mhz Limit: 2200
Processor Information for processor 14
  Max Mhz: 2200, Current Mhz: 2200, Mhz Limit: 2200
Processor Information for processor 15
  Max Mhz: 2200, Current Mhz: 2200, Mhz Limit: 2200
Processor Information for processor 16
  Max Mhz: 2200, Current Mhz: 2200, Mhz Limit: 2200
Processor Information for processor 17
  Max Mhz: 2200, Current Mhz: 1512, Mhz Limit: 2200
Processor Information for processor 18
  Max Mhz: 2200, Current Mhz: 2200, Mhz Limit: 2200
Processor Information for processor 19
  Max Mhz: 2200, Current Mhz: 1512, Mhz Limit: 2200
Processor Information for processor 20
  Max Mhz: 2200, Current Mhz: 2200, Mhz Limit: 2200
Processor Information for processor 21
  Max Mhz: 2200, Current Mhz: 1512, Mhz Limit: 2200
Processor Information for processor 22
  Max Mhz: 2200, Current Mhz: 2200, Mhz Limit: 2200
Processor Information for processor 23
  Max Mhz: 2200, Current Mhz: 2200, Mhz Limit: 2200
Processor Information for processor 24
  Max Mhz: 2200, Current Mhz: 2200, Mhz Limit: 2200
Processor Information for processor 25
  Max Mhz: 2200, Current Mhz: 1512, Mhz Limit: 2200
Processor Information for processor 26
  Max Mhz: 2200, Current Mhz: 1512, Mhz Limit: 2200
Processor Information for processor 27
  Max Mhz: 2200, Current Mhz: 1512, Mhz Limit: 2200
Processor Information for processor 28
  Max Mhz: 2200, Current Mhz: 1512, Mhz Limit: 2200
Processor Information for processor 29
  Max Mhz: 2200, Current Mhz: 1512, Mhz Limit: 2200
Processor Information for processor 30
  Max Mhz: 2200, Current Mhz: 1512, Mhz Limit: 2200
Processor Information for processor 31
  Max Mhz: 2200, Current Mhz: 2200, Mhz Limit: 2200

Memory: 4k page, system-wide physical 32384M (10013M free)
TotalPageFile size 39784M (AvailPageFile size 4537M)
current process WorkingSet (physical memory assigned to process): 536M, peak: 580M
current process commit charge ("private bytes"): 611M, peak: 714M

vm_info: OpenJDK 64-Bit Server VM (17.0.16+8-LTS) for windows-amd64 JRE (17.0.16+8-LTS), built on Jul 10 2025 00:24:24 by "MicrosoftCorporation" with unknown MS VC++:1944

END.
